
> games@0.0.0 build
> tsc && vite build

src/App.tsx(1,19): error TS7016: Could not find a declaration file for module 'react'. 'E:/Games/node_modules/react/index.js' implicitly has an 'any' type.
  Try `npm i --save-dev @types/react` if it exists or add a new declaration (.d.ts) file containing `declare module 'react';`
src/App.tsx(3,30): error TS6142: Module './context/AuthContext' was resolved to 'E:/Games/src/context/AuthContext.tsx', but '--jsx' is not set.
src/App.tsx(4,34): error TS6142: Module './context/SettingsContext' was resolved to 'E:/Games/src/context/SettingsContext.tsx', but '--jsx' is not set.
src/App.tsx(5,21): error TS6142: Module './components/Layout/Sidebar' was resolved to 'E:/Games/src/components/Layout/Sidebar.tsx', but '--jsx' is not set.
src/App.tsx(6,22): error TS6142: Module './pages/HomePage' was resolved to 'E:/Games/src/pages/HomePage.tsx', but '--jsx' is not set.
src/App.tsx(7,22): error TS6142: Module './pages/PlayPage' was resolved to 'E:/Games/src/pages/PlayPage.tsx', but '--jsx' is not set.
src/App.tsx(8,22): error TS6142: Module './pages/GamePage' was resolved to 'E:/Games/src/pages/GamePage.tsx', but '--jsx' is not set.
src/App.tsx(9,24): error TS6142: Module './pages/PuzzlePage' was resolved to 'E:/Games/src/pages/PuzzlePage.tsx', but '--jsx' is not set.
src/App.tsx(10,26): error TS6142: Module './pages/AnalysisPage' was resolved to 'E:/Games/src/pages/AnalysisPage.tsx', but '--jsx' is not set.
src/App.tsx(11,26): error TS6142: Module './pages/SettingsPage' was resolved to 'E:/Games/src/pages/SettingsPage.tsx', but '--jsx' is not set.
src/App.tsx(13,25): error TS7026: JSX element implicitly has type 'any' because no interface 'JSX.IntrinsicElements' exists.
src/App.tsx(13,25): error TS17004: Cannot use JSX unless the '--jsx' flag is provided.
src/App.tsx(13,77): error TS7026: JSX element implicitly has type 'any' because no interface 'JSX.IntrinsicElements' exists.
src/App.tsx(13,77): error TS17004: Cannot use JSX unless the '--jsx' flag is provided.
src/App.tsx(13,95): error TS7026: JSX element implicitly has type 'any' because no interface 'JSX.IntrinsicElements' exists.
src/App.tsx(13,100): error TS7026: JSX element implicitly has type 'any' because no interface 'JSX.IntrinsicElements' exists.
src/App.tsx(13,100): error TS17004: Cannot use JSX unless the '--jsx' flag is provided.
src/App.tsx(13,158): error TS7026: JSX element implicitly has type 'any' because no interface 'JSX.IntrinsicElements' exists.
src/App.tsx(13,162): error TS7026: JSX element implicitly has type 'any' because no interface 'JSX.IntrinsicElements' exists.
src/App.tsx(13,162): error TS17004: Cannot use JSX unless the '--jsx' flag is provided.
src/App.tsx(13,215): error TS7026: JSX element implicitly has type 'any' because no interface 'JSX.IntrinsicElements' exists.
src/App.tsx(13,224): error TS7026: JSX element implicitly has type 'any' because no interface 'JSX.IntrinsicElements' exists.
src/App.tsx(17,5): error TS17004: Cannot use JSX unless the '--jsx' flag is provided.
src/App.tsx(18,7): error TS17004: Cannot use JSX unless the '--jsx' flag is provided.
src/App.tsx(19,9): error TS17004: Cannot use JSX unless the '--jsx' flag is provided.
src/App.tsx(20,11): error TS7026: JSX element implicitly has type 'any' because no interface 'JSX.IntrinsicElements' exists.
src/App.tsx(20,11): error TS17004: Cannot use JSX unless the '--jsx' flag is provided.
src/App.tsx(21,13): error TS17004: Cannot use JSX unless the '--jsx' flag is provided.
src/App.tsx(22,13): error TS7026: JSX element implicitly has type 'any' because no interface 'JSX.IntrinsicElements' exists.
src/App.tsx(22,13): error TS17004: Cannot use JSX unless the '--jsx' flag is provided.
src/App.tsx(23,15): error TS17004: Cannot use JSX unless the '--jsx' flag is provided.
src/App.tsx(24,17): error TS17004: Cannot use JSX unless the '--jsx' flag is provided.
src/App.tsx(24,42): error TS17004: Cannot use JSX unless the '--jsx' flag is provided.
src/App.tsx(25,17): error TS17004: Cannot use JSX unless the '--jsx' flag is provided.
src/App.tsx(25,46): error TS17004: Cannot use JSX unless the '--jsx' flag is provided.
src/App.tsx(26,17): error TS17004: Cannot use JSX unless the '--jsx' flag is provided.
src/App.tsx(26,46): error TS17004: Cannot use JSX unless the '--jsx' flag is provided.
src/App.tsx(27,17): error TS17004: Cannot use JSX unless the '--jsx' flag is provided.
src/App.tsx(27,49): error TS17004: Cannot use JSX unless the '--jsx' flag is provided.
src/App.tsx(28,17): error TS17004: Cannot use JSX unless the '--jsx' flag is provided.
src/App.tsx(28,50): error TS17004: Cannot use JSX unless the '--jsx' flag is provided.
src/App.tsx(29,17): error TS17004: Cannot use JSX unless the '--jsx' flag is provided.
src/App.tsx(29,50): error TS17004: Cannot use JSX unless the '--jsx' flag is provided.
src/App.tsx(30,17): error TS17004: Cannot use JSX unless the '--jsx' flag is provided.
src/App.tsx(30,47): error TS17004: Cannot use JSX unless the '--jsx' flag is provided.
src/App.tsx(31,17): error TS17004: Cannot use JSX unless the '--jsx' flag is provided.
src/App.tsx(31,42): error TS17004: Cannot use JSX unless the '--jsx' flag is provided.
src/App.tsx(33,13): error TS7026: JSX element implicitly has type 'any' because no interface 'JSX.IntrinsicElements' exists.
src/App.tsx(34,11): error TS7026: JSX element implicitly has type 'any' because no interface 'JSX.IntrinsicElements' exists.
src/assets/pieces/PieceSVGs.tsx(4,19): error TS7016: Could not find a declaration file for module 'react'. 'E:/Games/node_modules/react/index.js' implicitly has an 'any' type.
  Try `npm i --save-dev @types/react` if it exists or add a new declaration (.d.ts) file containing `declare module 'react';`
src/assets/pieces/PieceSVGs.tsx(14,62): error TS7031: Binding element 'style' implicitly has an 'any' type.
src/assets/pieces/PieceSVGs.tsx(14,69): error TS7031: Binding element 'className' implicitly has an 'any' type.
src/assets/pieces/PieceSVGs.tsx(15,3): error TS7026: JSX element implicitly has type 'any' because no interface 'JSX.IntrinsicElements' exists.
src/assets/pieces/PieceSVGs.tsx(15,3): error TS17004: Cannot use JSX unless the '--jsx' flag is provided.
src/assets/pieces/PieceSVGs.tsx(16,5): error TS7026: JSX element implicitly has type 'any' because no interface 'JSX.IntrinsicElements' exists.
src/assets/pieces/PieceSVGs.tsx(16,5): error TS17004: Cannot use JSX unless the '--jsx' flag is provided.
src/assets/pieces/PieceSVGs.tsx(17,7): error TS7026: JSX element implicitly has type 'any' because no interface 'JSX.IntrinsicElements' exists.
src/assets/pieces/PieceSVGs.tsx(17,7): error TS17004: Cannot use JSX unless the '--jsx' flag is provided.
src/assets/pieces/PieceSVGs.tsx(18,7): error TS7026: JSX element implicitly has type 'any' because no interface 'JSX.IntrinsicElements' exists.
src/assets/pieces/PieceSVGs.tsx(18,7): error TS17004: Cannot use JSX unless the '--jsx' flag is provided.
src/assets/pieces/PieceSVGs.tsx(19,7): error TS7026: JSX element implicitly has type 'any' because no interface 'JSX.IntrinsicElements' exists.
src/assets/pieces/PieceSVGs.tsx(19,7): error TS17004: Cannot use JSX unless the '--jsx' flag is provided.
src/assets/pieces/PieceSVGs.tsx(20,7): error TS7026: JSX element implicitly has type 'any' because no interface 'JSX.IntrinsicElements' exists.
src/assets/pieces/PieceSVGs.tsx(20,7): error TS17004: Cannot use JSX unless the '--jsx' flag is provided.
src/assets/pieces/PieceSVGs.tsx(21,5): error TS7026: JSX element implicitly has type 'any' because no interface 'JSX.IntrinsicElements' exists.
src/assets/pieces/PieceSVGs.tsx(22,3): error TS7026: JSX element implicitly has type 'any' because no interface 'JSX.IntrinsicElements' exists.
src/assets/pieces/PieceSVGs.tsx(25,63): error TS7031: Binding element 'style' implicitly has an 'any' type.
src/assets/pieces/PieceSVGs.tsx(25,70): error TS7031: Binding element 'className' implicitly has an 'any' type.
src/assets/pieces/PieceSVGs.tsx(26,3): error TS7026: JSX element implicitly has type 'any' because no interface 'JSX.IntrinsicElements' exists.
src/assets/pieces/PieceSVGs.tsx(26,3): error TS17004: Cannot use JSX unless the '--jsx' flag is provided.
src/assets/pieces/PieceSVGs.tsx(27,5): error TS7026: JSX element implicitly has type 'any' because no interface 'JSX.IntrinsicElements' exists.
src/assets/pieces/PieceSVGs.tsx(27,5): error TS17004: Cannot use JSX unless the '--jsx' flag is provided.
src/assets/pieces/PieceSVGs.tsx(28,7): error TS7026: JSX element implicitly has type 'any' because no interface 'JSX.IntrinsicElements' exists.
src/assets/pieces/PieceSVGs.tsx(28,7): error TS17004: Cannot use JSX unless the '--jsx' flag is provided.
src/assets/pieces/PieceSVGs.tsx(29,7): error TS7026: JSX element implicitly has type 'any' because no interface 'JSX.IntrinsicElements' exists.
src/assets/pieces/PieceSVGs.tsx(29,7): error TS17004: Cannot use JSX unless the '--jsx' flag is provided.
src/assets/pieces/PieceSVGs.tsx(30,7): error TS7026: JSX element implicitly has type 'any' because no interface 'JSX.IntrinsicElements' exists.
src/assets/pieces/PieceSVGs.tsx(30,7): error TS17004: Cannot use JSX unless the '--jsx' flag is provided.
src/assets/pieces/PieceSVGs.tsx(31,7): error TS7026: JSX element implicitly has type 'any' because no interface 'JSX.IntrinsicElements' exists.
src/assets/pieces/PieceSVGs.tsx(31,7): error TS17004: Cannot use JSX unless the '--jsx' flag is provided.
src/assets/pieces/PieceSVGs.tsx(32,5): error TS7026: JSX element implicitly has type 'any' because no interface 'JSX.IntrinsicElements' exists.
src/assets/pieces/PieceSVGs.tsx(33,3): error TS7026: JSX element implicitly has type 'any' because no interface 'JSX.IntrinsicElements' exists.
src/assets/pieces/PieceSVGs.tsx(36,62): error TS7031: Binding element 'style' implicitly has an 'any' type.
src/assets/pieces/PieceSVGs.tsx(36,69): error TS7031: Binding element 'className' implicitly has an 'any' type.
src/assets/pieces/PieceSVGs.tsx(37,3): error TS7026: JSX element implicitly has type 'any' because no interface 'JSX.IntrinsicElements' exists.
src/assets/pieces/PieceSVGs.tsx(37,3): error TS17004: Cannot use JSX unless the '--jsx' flag is provided.
src/assets/pieces/PieceSVGs.tsx(38,5): error TS7026: JSX element implicitly has type 'any' because no interface 'JSX.IntrinsicElements' exists.
src/assets/pieces/PieceSVGs.tsx(38,5): error TS17004: Cannot use JSX unless the '--jsx' flag is provided.
src/assets/pieces/PieceSVGs.tsx(39,7): error TS7026: JSX element implicitly has type 'any' because no interface 'JSX.IntrinsicElements' exists.
src/assets/pieces/PieceSVGs.tsx(39,7): error TS17004: Cannot use JSX unless the '--jsx' flag is provided.
src/assets/pieces/PieceSVGs.tsx(40,7): error TS7026: JSX element implicitly has type 'any' because no interface 'JSX.IntrinsicElements' exists.
src/assets/pieces/PieceSVGs.tsx(40,7): error TS17004: Cannot use JSX unless the '--jsx' flag is provided.
src/assets/pieces/PieceSVGs.tsx(41,7): error TS7026: JSX element implicitly has type 'any' because no interface 'JSX.IntrinsicElements' exists.
src/assets/pieces/PieceSVGs.tsx(41,7): error TS17004: Cannot use JSX unless the '--jsx' flag is provided.
src/assets/pieces/PieceSVGs.tsx(42,7): error TS7026: JSX element implicitly has type 'any' because no interface 'JSX.IntrinsicElements' exists.
src/assets/pieces/PieceSVGs.tsx(42,7): error TS17004: Cannot use JSX unless the '--jsx' flag is provided.
src/assets/pieces/PieceSVGs.tsx(43,7): error TS7026: JSX element implicitly has type 'any' because no interface 'JSX.IntrinsicElements' exists.
src/assets/pieces/PieceSVGs.tsx(43,7): error TS17004: Cannot use JSX unless the '--jsx' flag is provided.
src/assets/pieces/PieceSVGs.tsx(44,7): error TS7026: JSX element implicitly has type 'any' because no interface 'JSX.IntrinsicElements' exists.
src/assets/pieces/PieceSVGs.tsx(44,7): error TS17004: Cannot use JSX unless the '--jsx' flag is provided.
src/assets/pieces/PieceSVGs.tsx(45,5): error TS7026: JSX element implicitly has type 'any' because no interface 'JSX.IntrinsicElements' exists.
src/assets/pieces/PieceSVGs.tsx(46,3): error TS7026: JSX element implicitly has type 'any' because no interface 'JSX.IntrinsicElements' exists.
src/assets/pieces/PieceSVGs.tsx(49,64): error TS7031: Binding element 'style' implicitly has an 'any' type.
src/assets/pieces/PieceSVGs.tsx(49,71): error TS7031: Binding element 'className' implicitly has an 'any' type.
src/assets/pieces/PieceSVGs.tsx(50,3): error TS7026: JSX element implicitly has type 'any' because no interface 'JSX.IntrinsicElements' exists.
src/assets/pieces/PieceSVGs.tsx(50,3): error TS17004: Cannot use JSX unless the '--jsx' flag is provided.
src/assets/pieces/PieceSVGs.tsx(51,5): error TS7026: JSX element implicitly has type 'any' because no interface 'JSX.IntrinsicElements' exists.
src/assets/pieces/PieceSVGs.tsx(51,5): error TS17004: Cannot use JSX unless the '--jsx' flag is provided.
src/assets/pieces/PieceSVGs.tsx(52,7): error TS7026: JSX element implicitly has type 'any' because no interface 'JSX.IntrinsicElements' exists.
src/assets/pieces/PieceSVGs.tsx(52,7): error TS17004: Cannot use JSX unless the '--jsx' flag is provided.
src/assets/pieces/PieceSVGs.tsx(53,9): error TS7026: JSX element implicitly has type 'any' because no interface 'JSX.IntrinsicElements' exists.
src/assets/pieces/PieceSVGs.tsx(53,9): error TS17004: Cannot use JSX unless the '--jsx' flag is provided.
src/assets/pieces/PieceSVGs.tsx(54,9): error TS7026: JSX element implicitly has type 'any' because no interface 'JSX.IntrinsicElements' exists.
src/assets/pieces/PieceSVGs.tsx(54,9): error TS17004: Cannot use JSX unless the '--jsx' flag is provided.
src/assets/pieces/PieceSVGs.tsx(55,9): error TS7026: JSX element implicitly has type 'any' because no interface 'JSX.IntrinsicElements' exists.
src/assets/pieces/PieceSVGs.tsx(55,9): error TS17004: Cannot use JSX unless the '--jsx' flag is provided.
src/assets/pieces/PieceSVGs.tsx(56,7): error TS7026: JSX element implicitly has type 'any' because no interface 'JSX.IntrinsicElements' exists.
src/assets/pieces/PieceSVGs.tsx(57,7): error TS7026: JSX element implicitly has type 'any' because no interface 'JSX.IntrinsicElements' exists.
src/assets/pieces/PieceSVGs.tsx(57,7): error TS17004: Cannot use JSX unless the '--jsx' flag is provided.
src/assets/pieces/PieceSVGs.tsx(58,5): error TS7026: JSX element implicitly has type 'any' because no interface 'JSX.IntrinsicElements' exists.
src/assets/pieces/PieceSVGs.tsx(59,3): error TS7026: JSX element implicitly has type 'any' because no interface 'JSX.IntrinsicElements' exists.
src/assets/pieces/PieceSVGs.tsx(62,64): error TS7031: Binding element 'style' implicitly has an 'any' type.
src/assets/pieces/PieceSVGs.tsx(62,71): error TS7031: Binding element 'className' implicitly has an 'any' type.
src/assets/pieces/PieceSVGs.tsx(63,3): error TS7026: JSX element implicitly has type 'any' because no interface 'JSX.IntrinsicElements' exists.
src/assets/pieces/PieceSVGs.tsx(63,3): error TS17004: Cannot use JSX unless the '--jsx' flag is provided.
src/assets/pieces/PieceSVGs.tsx(64,5): error TS7026: JSX element implicitly has type 'any' because no interface 'JSX.IntrinsicElements' exists.
src/assets/pieces/PieceSVGs.tsx(64,5): error TS17004: Cannot use JSX unless the '--jsx' flag is provided.
src/assets/pieces/PieceSVGs.tsx(65,7): error TS7026: JSX element implicitly has type 'any' because no interface 'JSX.IntrinsicElements' exists.
src/assets/pieces/PieceSVGs.tsx(65,7): error TS17004: Cannot use JSX unless the '--jsx' flag is provided.
src/assets/pieces/PieceSVGs.tsx(66,7): error TS7026: JSX element implicitly has type 'any' because no interface 'JSX.IntrinsicElements' exists.
src/assets/pieces/PieceSVGs.tsx(66,7): error TS17004: Cannot use JSX unless the '--jsx' flag is provided.
src/assets/pieces/PieceSVGs.tsx(67,7): error TS7026: JSX element implicitly has type 'any' because no interface 'JSX.IntrinsicElements' exists.
src/assets/pieces/PieceSVGs.tsx(67,7): error TS17004: Cannot use JSX unless the '--jsx' flag is provided.
src/assets/pieces/PieceSVGs.tsx(68,7): error TS7026: JSX element implicitly has type 'any' because no interface 'JSX.IntrinsicElements' exists.
src/assets/pieces/PieceSVGs.tsx(68,7): error TS17004: Cannot use JSX unless the '--jsx' flag is provided.
src/assets/pieces/PieceSVGs.tsx(69,5): error TS7026: JSX element implicitly has type 'any' because no interface 'JSX.IntrinsicElements' exists.
src/assets/pieces/PieceSVGs.tsx(70,3): error TS7026: JSX element implicitly has type 'any' because no interface 'JSX.IntrinsicElements' exists.
src/assets/pieces/PieceSVGs.tsx(73,62): error TS7031: Binding element 'style' implicitly has an 'any' type.
src/assets/pieces/PieceSVGs.tsx(73,69): error TS7031: Binding element 'className' implicitly has an 'any' type.
src/assets/pieces/PieceSVGs.tsx(74,3): error TS7026: JSX element implicitly has type 'any' because no interface 'JSX.IntrinsicElements' exists.
src/assets/pieces/PieceSVGs.tsx(74,3): error TS17004: Cannot use JSX unless the '--jsx' flag is provided.
src/assets/pieces/PieceSVGs.tsx(75,5): error TS7026: JSX element implicitly has type 'any' because no interface 'JSX.IntrinsicElements' exists.
src/assets/pieces/PieceSVGs.tsx(75,5): error TS17004: Cannot use JSX unless the '--jsx' flag is provided.
src/assets/pieces/PieceSVGs.tsx(76,3): error TS7026: JSX element implicitly has type 'any' because no interface 'JSX.IntrinsicElements' exists.
src/assets/pieces/PieceSVGs.tsx(81,62): error TS7031: Binding element 'style' implicitly has an 'any' type.
src/assets/pieces/PieceSVGs.tsx(81,69): error TS7031: Binding element 'className' implicitly has an 'any' type.
src/assets/pieces/PieceSVGs.tsx(82,3): error TS7026: JSX element implicitly has type 'any' because no interface 'JSX.IntrinsicElements' exists.
src/assets/pieces/PieceSVGs.tsx(82,3): error TS17004: Cannot use JSX unless the '--jsx' flag is provided.
src/assets/pieces/PieceSVGs.tsx(83,5): error TS7026: JSX element implicitly has type 'any' because no interface 'JSX.IntrinsicElements' exists.
src/assets/pieces/PieceSVGs.tsx(83,5): error TS17004: Cannot use JSX unless the '--jsx' flag is provided.
src/assets/pieces/PieceSVGs.tsx(84,7): error TS7026: JSX element implicitly has type 'any' because no interface 'JSX.IntrinsicElements' exists.
src/assets/pieces/PieceSVGs.tsx(84,7): error TS17004: Cannot use JSX unless the '--jsx' flag is provided.
src/assets/pieces/PieceSVGs.tsx(85,7): error TS7026: JSX element implicitly has type 'any' because no interface 'JSX.IntrinsicElements' exists.
src/assets/pieces/PieceSVGs.tsx(85,7): error TS17004: Cannot use JSX unless the '--jsx' flag is provided.
src/assets/pieces/PieceSVGs.tsx(86,7): error TS7026: JSX element implicitly has type 'any' because no interface 'JSX.IntrinsicElements' exists.
src/assets/pieces/PieceSVGs.tsx(86,7): error TS17004: Cannot use JSX unless the '--jsx' flag is provided.
src/assets/pieces/PieceSVGs.tsx(87,7): error TS7026: JSX element implicitly has type 'any' because no interface 'JSX.IntrinsicElements' exists.
src/assets/pieces/PieceSVGs.tsx(87,7): error TS17004: Cannot use JSX unless the '--jsx' flag is provided.
src/assets/pieces/PieceSVGs.tsx(88,7): error TS7026: JSX element implicitly has type 'any' because no interface 'JSX.IntrinsicElements' exists.
src/assets/pieces/PieceSVGs.tsx(88,7): error TS17004: Cannot use JSX unless the '--jsx' flag is provided.
src/assets/pieces/PieceSVGs.tsx(89,5): error TS7026: JSX element implicitly has type 'any' because no interface 'JSX.IntrinsicElements' exists.
src/assets/pieces/PieceSVGs.tsx(90,3): error TS7026: JSX element implicitly has type 'any' because no interface 'JSX.IntrinsicElements' exists.
src/assets/pieces/PieceSVGs.tsx(93,63): error TS7031: Binding element 'style' implicitly has an 'any' type.
src/assets/pieces/PieceSVGs.tsx(93,70): error TS7031: Binding element 'className' implicitly has an 'any' type.
src/assets/pieces/PieceSVGs.tsx(94,3): error TS7026: JSX element implicitly has type 'any' because no interface 'JSX.IntrinsicElements' exists.
src/assets/pieces/PieceSVGs.tsx(94,3): error TS17004: Cannot use JSX unless the '--jsx' flag is provided.
src/assets/pieces/PieceSVGs.tsx(95,5): error TS7026: JSX element implicitly has type 'any' because no interface 'JSX.IntrinsicElements' exists.
src/assets/pieces/PieceSVGs.tsx(95,5): error TS17004: Cannot use JSX unless the '--jsx' flag is provided.
src/assets/pieces/PieceSVGs.tsx(96,7): error TS7026: JSX element implicitly has type 'any' because no interface 'JSX.IntrinsicElements' exists.
src/assets/pieces/PieceSVGs.tsx(96,7): error TS17004: Cannot use JSX unless the '--jsx' flag is provided.
src/assets/pieces/PieceSVGs.tsx(97,9): error TS7026: JSX element implicitly has type 'any' because no interface 'JSX.IntrinsicElements' exists.
src/assets/pieces/PieceSVGs.tsx(97,9): error TS17004: Cannot use JSX unless the '--jsx' flag is provided.
src/assets/pieces/PieceSVGs.tsx(98,9): error TS7026: JSX element implicitly has type 'any' because no interface 'JSX.IntrinsicElements' exists.
src/assets/pieces/PieceSVGs.tsx(98,9): error TS17004: Cannot use JSX unless the '--jsx' flag is provided.
src/assets/pieces/PieceSVGs.tsx(99,9): error TS7026: JSX element implicitly has type 'any' because no interface 'JSX.IntrinsicElements' exists.
src/assets/pieces/PieceSVGs.tsx(99,9): error TS17004: Cannot use JSX unless the '--jsx' flag is provided.
src/assets/pieces/PieceSVGs.tsx(100,9): error TS7026: JSX element implicitly has type 'any' because no interface 'JSX.IntrinsicElements' exists.
src/assets/pieces/PieceSVGs.tsx(100,9): error TS17004: Cannot use JSX unless the '--jsx' flag is provided.
src/assets/pieces/PieceSVGs.tsx(101,9): error TS7026: JSX element implicitly has type 'any' because no interface 'JSX.IntrinsicElements' exists.
src/assets/pieces/PieceSVGs.tsx(101,9): error TS17004: Cannot use JSX unless the '--jsx' flag is provided.
src/assets/pieces/PieceSVGs.tsx(102,7): error TS7026: JSX element implicitly has type 'any' because no interface 'JSX.IntrinsicElements' exists.
src/assets/pieces/PieceSVGs.tsx(103,7): error TS7026: JSX element implicitly has type 'any' because no interface 'JSX.IntrinsicElements' exists.
src/assets/pieces/PieceSVGs.tsx(103,7): error TS17004: Cannot use JSX unless the '--jsx' flag is provided.
src/assets/pieces/PieceSVGs.tsx(104,7): error TS7026: JSX element implicitly has type 'any' because no interface 'JSX.IntrinsicElements' exists.
src/assets/pieces/PieceSVGs.tsx(104,7): error TS17004: Cannot use JSX unless the '--jsx' flag is provided.
src/assets/pieces/PieceSVGs.tsx(105,7): error TS7026: JSX element implicitly has type 'any' because no interface 'JSX.IntrinsicElements' exists.
src/assets/pieces/PieceSVGs.tsx(105,7): error TS17004: Cannot use JSX unless the '--jsx' flag is provided.
src/assets/pieces/PieceSVGs.tsx(106,7): error TS7026: JSX element implicitly has type 'any' because no interface 'JSX.IntrinsicElements' exists.
src/assets/pieces/PieceSVGs.tsx(106,7): error TS17004: Cannot use JSX unless the '--jsx' flag is provided.
src/assets/pieces/PieceSVGs.tsx(107,5): error TS7026: JSX element implicitly has type 'any' because no interface 'JSX.IntrinsicElements' exists.
src/assets/pieces/PieceSVGs.tsx(108,3): error TS7026: JSX element implicitly has type 'any' because no interface 'JSX.IntrinsicElements' exists.
src/assets/pieces/PieceSVGs.tsx(111,62): error TS7031: Binding element 'style' implicitly has an 'any' type.
src/assets/pieces/PieceSVGs.tsx(111,69): error TS7031: Binding element 'className' implicitly has an 'any' type.
src/assets/pieces/PieceSVGs.tsx(112,3): error TS7026: JSX element implicitly has type 'any' because no interface 'JSX.IntrinsicElements' exists.
src/assets/pieces/PieceSVGs.tsx(112,3): error TS17004: Cannot use JSX unless the '--jsx' flag is provided.
src/assets/pieces/PieceSVGs.tsx(113,5): error TS7026: JSX element implicitly has type 'any' because no interface 'JSX.IntrinsicElements' exists.
src/assets/pieces/PieceSVGs.tsx(113,5): error TS17004: Cannot use JSX unless the '--jsx' flag is provided.
src/assets/pieces/PieceSVGs.tsx(114,7): error TS7026: JSX element implicitly has type 'any' because no interface 'JSX.IntrinsicElements' exists.
src/assets/pieces/PieceSVGs.tsx(114,7): error TS17004: Cannot use JSX unless the '--jsx' flag is provided.
src/assets/pieces/PieceSVGs.tsx(115,7): error TS7026: JSX element implicitly has type 'any' because no interface 'JSX.IntrinsicElements' exists.
src/assets/pieces/PieceSVGs.tsx(115,7): error TS17004: Cannot use JSX unless the '--jsx' flag is provided.
src/assets/pieces/PieceSVGs.tsx(116,7): error TS7026: JSX element implicitly has type 'any' because no interface 'JSX.IntrinsicElements' exists.
src/assets/pieces/PieceSVGs.tsx(116,7): error TS17004: Cannot use JSX unless the '--jsx' flag is provided.
src/assets/pieces/PieceSVGs.tsx(117,7): error TS7026: JSX element implicitly has type 'any' because no interface 'JSX.IntrinsicElements' exists.
src/assets/pieces/PieceSVGs.tsx(117,7): error TS17004: Cannot use JSX unless the '--jsx' flag is provided.
src/assets/pieces/PieceSVGs.tsx(118,5): error TS7026: JSX element implicitly has type 'any' because no interface 'JSX.IntrinsicElements' exists.
src/assets/pieces/PieceSVGs.tsx(119,3): error TS7026: JSX element implicitly has type 'any' because no interface 'JSX.IntrinsicElements' exists.
src/assets/pieces/PieceSVGs.tsx(122,64): error TS7031: Binding element 'style' implicitly has an 'any' type.
src/assets/pieces/PieceSVGs.tsx(122,71): error TS7031: Binding element 'className' implicitly has an 'any' type.
src/assets/pieces/PieceSVGs.tsx(123,3): error TS7026: JSX element implicitly has type 'any' because no interface 'JSX.IntrinsicElements' exists.
src/assets/pieces/PieceSVGs.tsx(123,3): error TS17004: Cannot use JSX unless the '--jsx' flag is provided.
src/assets/pieces/PieceSVGs.tsx(124,5): error TS7026: JSX element implicitly has type 'any' because no interface 'JSX.IntrinsicElements' exists.
src/assets/pieces/PieceSVGs.tsx(124,5): error TS17004: Cannot use JSX unless the '--jsx' flag is provided.
src/assets/pieces/PieceSVGs.tsx(125,7): error TS7026: JSX element implicitly has type 'any' because no interface 'JSX.IntrinsicElements' exists.
src/assets/pieces/PieceSVGs.tsx(125,7): error TS17004: Cannot use JSX unless the '--jsx' flag is provided.
src/assets/pieces/PieceSVGs.tsx(126,9): error TS7026: JSX element implicitly has type 'any' because no interface 'JSX.IntrinsicElements' exists.
src/assets/pieces/PieceSVGs.tsx(126,9): error TS17004: Cannot use JSX unless the '--jsx' flag is provided.
src/assets/pieces/PieceSVGs.tsx(127,9): error TS7026: JSX element implicitly has type 'any' because no interface 'JSX.IntrinsicElements' exists.
src/assets/pieces/PieceSVGs.tsx(127,9): error TS17004: Cannot use JSX unless the '--jsx' flag is provided.
src/assets/pieces/PieceSVGs.tsx(128,9): error TS7026: JSX element implicitly has type 'any' because no interface 'JSX.IntrinsicElements' exists.
src/assets/pieces/PieceSVGs.tsx(128,9): error TS17004: Cannot use JSX unless the '--jsx' flag is provided.
src/assets/pieces/PieceSVGs.tsx(129,7): error TS7026: JSX element implicitly has type 'any' because no interface 'JSX.IntrinsicElements' exists.
src/assets/pieces/PieceSVGs.tsx(130,7): error TS7026: JSX element implicitly has type 'any' because no interface 'JSX.IntrinsicElements' exists.
src/assets/pieces/PieceSVGs.tsx(130,7): error TS17004: Cannot use JSX unless the '--jsx' flag is provided.
src/assets/pieces/PieceSVGs.tsx(131,7): error TS7026: JSX element implicitly has type 'any' because no interface 'JSX.IntrinsicElements' exists.
src/assets/pieces/PieceSVGs.tsx(131,7): error TS17004: Cannot use JSX unless the '--jsx' flag is provided.
src/assets/pieces/PieceSVGs.tsx(132,5): error TS7026: JSX element implicitly has type 'any' because no interface 'JSX.IntrinsicElements' exists.
src/assets/pieces/PieceSVGs.tsx(133,3): error TS7026: JSX element implicitly has type 'any' because no interface 'JSX.IntrinsicElements' exists.
src/assets/pieces/PieceSVGs.tsx(136,64): error TS7031: Binding element 'style' implicitly has an 'any' type.
src/assets/pieces/PieceSVGs.tsx(136,71): error TS7031: Binding element 'className' implicitly has an 'any' type.
src/assets/pieces/PieceSVGs.tsx(137,3): error TS7026: JSX element implicitly has type 'any' because no interface 'JSX.IntrinsicElements' exists.
src/assets/pieces/PieceSVGs.tsx(137,3): error TS17004: Cannot use JSX unless the '--jsx' flag is provided.
src/assets/pieces/PieceSVGs.tsx(138,5): error TS7026: JSX element implicitly has type 'any' because no interface 'JSX.IntrinsicElements' exists.
src/assets/pieces/PieceSVGs.tsx(138,5): error TS17004: Cannot use JSX unless the '--jsx' flag is provided.
src/assets/pieces/PieceSVGs.tsx(139,7): error TS7026: JSX element implicitly has type 'any' because no interface 'JSX.IntrinsicElements' exists.
src/assets/pieces/PieceSVGs.tsx(139,7): error TS17004: Cannot use JSX unless the '--jsx' flag is provided.
src/assets/pieces/PieceSVGs.tsx(140,7): error TS7026: JSX element implicitly has type 'any' because no interface 'JSX.IntrinsicElements' exists.
src/assets/pieces/PieceSVGs.tsx(140,7): error TS17004: Cannot use JSX unless the '--jsx' flag is provided.
src/assets/pieces/PieceSVGs.tsx(141,7): error TS7026: JSX element implicitly has type 'any' because no interface 'JSX.IntrinsicElements' exists.
src/assets/pieces/PieceSVGs.tsx(141,7): error TS17004: Cannot use JSX unless the '--jsx' flag is provided.
src/assets/pieces/PieceSVGs.tsx(142,7): error TS7026: JSX element implicitly has type 'any' because no interface 'JSX.IntrinsicElements' exists.
src/assets/pieces/PieceSVGs.tsx(142,7): error TS17004: Cannot use JSX unless the '--jsx' flag is provided.
src/assets/pieces/PieceSVGs.tsx(143,7): error TS7026: JSX element implicitly has type 'any' because no interface 'JSX.IntrinsicElements' exists.
src/assets/pieces/PieceSVGs.tsx(143,7): error TS17004: Cannot use JSX unless the '--jsx' flag is provided.
src/assets/pieces/PieceSVGs.tsx(144,5): error TS7026: JSX element implicitly has type 'any' because no interface 'JSX.IntrinsicElements' exists.
src/assets/pieces/PieceSVGs.tsx(145,3): error TS7026: JSX element implicitly has type 'any' because no interface 'JSX.IntrinsicElements' exists.
src/assets/pieces/PieceSVGs.tsx(148,62): error TS7031: Binding element 'style' implicitly has an 'any' type.
src/assets/pieces/PieceSVGs.tsx(148,69): error TS7031: Binding element 'className' implicitly has an 'any' type.
src/assets/pieces/PieceSVGs.tsx(149,3): error TS7026: JSX element implicitly has type 'any' because no interface 'JSX.IntrinsicElements' exists.
src/assets/pieces/PieceSVGs.tsx(149,3): error TS17004: Cannot use JSX unless the '--jsx' flag is provided.
src/assets/pieces/PieceSVGs.tsx(150,5): error TS7026: JSX element implicitly has type 'any' because no interface 'JSX.IntrinsicElements' exists.
src/assets/pieces/PieceSVGs.tsx(150,5): error TS17004: Cannot use JSX unless the '--jsx' flag is provided.
src/assets/pieces/PieceSVGs.tsx(151,3): error TS7026: JSX element implicitly has type 'any' because no interface 'JSX.IntrinsicElements' exists.
src/components/Board/Chessboard.tsx(1,74): error TS7016: Could not find a declaration file for module 'react'. 'E:/Games/node_modules/react/index.js' implicitly has an 'any' type.
  Try `npm i --save-dev @types/react` if it exists or add a new declaration (.d.ts) file containing `declare module 'react';`
src/components/Board/Chessboard.tsx(2,17): error TS1484: 'Square' is a type and must be imported using a type-only import when 'verbatimModuleSyntax' is enabled.
src/components/Board/Chessboard.tsx(2,31): error TS1484: 'PieceSymbol' is a type and must be imported using a type-only import when 'verbatimModuleSyntax' is enabled.
src/components/Board/Chessboard.tsx(2,44): error TS1484: 'Color' is a type and must be imported using a type-only import when 'verbatimModuleSyntax' is enabled.
src/components/Board/Chessboard.tsx(3,35): error TS6142: Module '../../assets/pieces/PieceSVGs' was resolved to 'E:/Games/src/assets/pieces/PieceSVGs.tsx', but '--jsx' is not set.
src/components/Board/Chessboard.tsx(4,29): error TS6142: Module '../../context/SettingsContext' was resolved to 'E:/Games/src/context/SettingsContext.tsx', but '--jsx' is not set.
src/components/Board/Chessboard.tsx(48,3): error TS7031: Binding element 'game' implicitly has an 'any' type.
src/components/Board/Chessboard.tsx(49,3): error TS7031: Binding element 'onMove' implicitly has an 'any' type.
src/components/Board/Chessboard.tsx(55,3): error TS7031: Binding element 'size' implicitly has an 'any' type.
src/components/Board/Chessboard.tsx(56,20): error TS7031: Binding element 'showCoordsProp' implicitly has an 'any' type.
src/components/Board/Chessboard.tsx(68,10): error TS6133: 'animatingMove' is declared but its value is never read.
src/components/Board/Chessboard.tsx(68,25): error TS6133: 'setAnimatingMove' is declared but its value is never read.
src/components/Board/Chessboard.tsx(114,37): error TS7006: Parameter 'm' implicitly has an 'any' type.
src/components/Board/Chessboard.tsx(151,40): error TS7006: Parameter 'm' implicitly has an 'any' type.
src/components/Board/Chessboard.tsx(156,13): error TS6133: 'movingPiece' is declared but its value is never read.
src/components/Board/Chessboard.tsx(250,39): error TS7006: Parameter 'm' implicitly has an 'any' type.
src/components/Board/Chessboard.tsx(278,45): error TS6133: 'e' is declared but its value is never read.
src/components/Board/Chessboard.tsx(282,30): error TS7006: Parameter 'prev' implicitly has an 'any' type.
src/components/Board/Chessboard.tsx(293,25): error TS7006: Parameter 'prev' implicitly has an 'any' type.
src/components/Board/Chessboard.tsx(294,41): error TS7006: Parameter 'a' implicitly has an 'any' type.
src/components/Board/Chessboard.tsx(296,33): error TS7006: Parameter '_' implicitly has an 'any' type.
src/components/Board/Chessboard.tsx(296,36): error TS7006: Parameter 'i' implicitly has an 'any' type.
src/components/Board/Chessboard.tsx(324,42): error TS2339: Property 'from' does not exist on type 'never'.
src/components/Board/Chessboard.tsx(325,40): error TS2339: Property 'to' does not exist on type 'never'.
src/components/Board/Chessboard.tsx(328,47): error TS2339: Property 'from' does not exist on type 'never'.
src/components/Board/Chessboard.tsx(329,45): error TS2339: Property 'to' does not exist on type 'never'.
src/components/Board/Chessboard.tsx(341,11): error TS7026: JSX element implicitly has type 'any' because no interface 'JSX.IntrinsicElements' exists.
src/components/Board/Chessboard.tsx(341,11): error TS17004: Cannot use JSX unless the '--jsx' flag is provided.
src/components/Board/Chessboard.tsx(349,27): error TS7006: Parameter 'e' implicitly has an 'any' type.
src/components/Board/Chessboard.tsx(353,25): error TS7006: Parameter 'e' implicitly has an 'any' type.
src/components/Board/Chessboard.tsx(356,28): error TS7006: Parameter 'e' implicitly has an 'any' type.
src/components/Board/Chessboard.tsx(357,29): error TS7006: Parameter 'e' implicitly has an 'any' type.
src/components/Board/Chessboard.tsx(361,15): error TS7026: JSX element implicitly has type 'any' because no interface 'JSX.IntrinsicElements' exists.
src/components/Board/Chessboard.tsx(361,15): error TS17004: Cannot use JSX unless the '--jsx' flag is provided.
src/components/Board/Chessboard.tsx(363,15): error TS7026: JSX element implicitly has type 'any' because no interface 'JSX.IntrinsicElements' exists.
src/components/Board/Chessboard.tsx(366,15): error TS7026: JSX element implicitly has type 'any' because no interface 'JSX.IntrinsicElements' exists.
src/components/Board/Chessboard.tsx(366,15): error TS17004: Cannot use JSX unless the '--jsx' flag is provided.
src/components/Board/Chessboard.tsx(368,15): error TS7026: JSX element implicitly has type 'any' because no interface 'JSX.IntrinsicElements' exists.
src/components/Board/Chessboard.tsx(373,15): error TS7026: JSX element implicitly has type 'any' because no interface 'JSX.IntrinsicElements' exists.
src/components/Board/Chessboard.tsx(373,15): error TS17004: Cannot use JSX unless the '--jsx' flag is provided.
src/components/Board/Chessboard.tsx(376,15): error TS7026: JSX element implicitly has type 'any' because no interface 'JSX.IntrinsicElements' exists.
src/components/Board/Chessboard.tsx(376,15): error TS17004: Cannot use JSX unless the '--jsx' flag is provided.
src/components/Board/Chessboard.tsx(384,17): error TS7026: JSX element implicitly has type 'any' because no interface 'JSX.IntrinsicElements' exists.
src/components/Board/Chessboard.tsx(384,17): error TS17004: Cannot use JSX unless the '--jsx' flag is provided.
src/components/Board/Chessboard.tsx(385,19): error TS17004: Cannot use JSX unless the '--jsx' flag is provided.
src/components/Board/Chessboard.tsx(386,17): error TS7026: JSX element implicitly has type 'any' because no interface 'JSX.IntrinsicElements' exists.
src/components/Board/Chessboard.tsx(389,11): error TS7026: JSX element implicitly has type 'any' because no interface 'JSX.IntrinsicElements' exists.
src/components/Board/Chessboard.tsx(402,7): error TS7026: JSX element implicitly has type 'any' because no interface 'JSX.IntrinsicElements' exists.
src/components/Board/Chessboard.tsx(402,7): error TS17004: Cannot use JSX unless the '--jsx' flag is provided.
src/components/Board/Chessboard.tsx(403,9): error TS7026: JSX element implicitly has type 'any' because no interface 'JSX.IntrinsicElements' exists.
src/components/Board/Chessboard.tsx(403,9): error TS17004: Cannot use JSX unless the '--jsx' flag is provided.
src/components/Board/Chessboard.tsx(404,11): error TS7026: JSX element implicitly has type 'any' because no interface 'JSX.IntrinsicElements' exists.
src/components/Board/Chessboard.tsx(404,11): error TS17004: Cannot use JSX unless the '--jsx' flag is provided.
src/components/Board/Chessboard.tsx(405,13): error TS7026: JSX element implicitly has type 'any' because no interface 'JSX.IntrinsicElements' exists.
src/components/Board/Chessboard.tsx(405,13): error TS17004: Cannot use JSX unless the '--jsx' flag is provided.
src/components/Board/Chessboard.tsx(406,11): error TS7026: JSX element implicitly has type 'any' because no interface 'JSX.IntrinsicElements' exists.
src/components/Board/Chessboard.tsx(407,11): error TS7026: JSX element implicitly has type 'any' because no interface 'JSX.IntrinsicElements' exists.
src/components/Board/Chessboard.tsx(407,11): error TS17004: Cannot use JSX unless the '--jsx' flag is provided.
src/components/Board/Chessboard.tsx(408,13): error TS7026: JSX element implicitly has type 'any' because no interface 'JSX.IntrinsicElements' exists.
src/components/Board/Chessboard.tsx(408,13): error TS17004: Cannot use JSX unless the '--jsx' flag is provided.
src/components/Board/Chessboard.tsx(409,11): error TS7026: JSX element implicitly has type 'any' because no interface 'JSX.IntrinsicElements' exists.
src/components/Board/Chessboard.tsx(410,11): error TS7026: JSX element implicitly has type 'any' because no interface 'JSX.IntrinsicElements' exists.
src/components/Board/Chessboard.tsx(410,11): error TS17004: Cannot use JSX unless the '--jsx' flag is provided.
src/components/Board/Chessboard.tsx(411,13): error TS7026: JSX element implicitly has type 'any' because no interface 'JSX.IntrinsicElements' exists.
src/components/Board/Chessboard.tsx(411,13): error TS17004: Cannot use JSX unless the '--jsx' flag is provided.
src/components/Board/Chessboard.tsx(412,11): error TS7026: JSX element implicitly has type 'any' because no interface 'JSX.IntrinsicElements' exists.
src/components/Board/Chessboard.tsx(413,11): error TS7026: JSX element implicitly has type 'any' because no interface 'JSX.IntrinsicElements' exists.
src/components/Board/Chessboard.tsx(413,11): error TS17004: Cannot use JSX unless the '--jsx' flag is provided.
src/components/Board/Chessboard.tsx(414,13): error TS7026: JSX element implicitly has type 'any' because no interface 'JSX.IntrinsicElements' exists.
src/components/Board/Chessboard.tsx(414,13): error TS17004: Cannot use JSX unless the '--jsx' flag is provided.
src/components/Board/Chessboard.tsx(415,11): error TS7026: JSX element implicitly has type 'any' because no interface 'JSX.IntrinsicElements' exists.
src/components/Board/Chessboard.tsx(416,9): error TS7026: JSX element implicitly has type 'any' because no interface 'JSX.IntrinsicElements' exists.
src/components/Board/Chessboard.tsx(429,13): error TS7026: JSX element implicitly has type 'any' because no interface 'JSX.IntrinsicElements' exists.
src/components/Board/Chessboard.tsx(429,13): error TS17004: Cannot use JSX unless the '--jsx' flag is provided.
src/components/Board/Chessboard.tsx(444,13): error TS7026: JSX element implicitly has type 'any' because no interface 'JSX.IntrinsicElements' exists.
src/components/Board/Chessboard.tsx(444,13): error TS17004: Cannot use JSX unless the '--jsx' flag is provided.
src/components/Board/Chessboard.tsx(455,7): error TS7026: JSX element implicitly has type 'any' because no interface 'JSX.IntrinsicElements' exists.
src/components/Board/Chessboard.tsx(469,7): error TS7026: JSX element implicitly has type 'any' because no interface 'JSX.IntrinsicElements' exists.
src/components/Board/Chessboard.tsx(469,7): error TS17004: Cannot use JSX unless the '--jsx' flag is provided.
src/components/Board/Chessboard.tsx(470,9): error TS7026: JSX element implicitly has type 'any' because no interface 'JSX.IntrinsicElements' exists.
src/components/Board/Chessboard.tsx(470,9): error TS17004: Cannot use JSX unless the '--jsx' flag is provided.
src/components/Board/Chessboard.tsx(473,21): error TS7006: Parameter 'e' implicitly has an 'any' type.
src/components/Board/Chessboard.tsx(479,15): error TS7026: JSX element implicitly has type 'any' because no interface 'JSX.IntrinsicElements' exists.
src/components/Board/Chessboard.tsx(479,15): error TS17004: Cannot use JSX unless the '--jsx' flag is provided.
src/components/Board/Chessboard.tsx(484,17): error TS17004: Cannot use JSX unless the '--jsx' flag is provided.
src/components/Board/Chessboard.tsx(485,15): error TS7026: JSX element implicitly has type 'any' because no interface 'JSX.IntrinsicElements' exists.
src/components/Board/Chessboard.tsx(488,9): error TS7026: JSX element implicitly has type 'any' because no interface 'JSX.IntrinsicElements' exists.
src/components/Board/Chessboard.tsx(489,7): error TS7026: JSX element implicitly has type 'any' because no interface 'JSX.IntrinsicElements' exists.
src/components/Board/Chessboard.tsx(501,7): error TS7026: JSX element implicitly has type 'any' because no interface 'JSX.IntrinsicElements' exists.
src/components/Board/Chessboard.tsx(501,7): error TS17004: Cannot use JSX unless the '--jsx' flag is provided.
src/components/Board/Chessboard.tsx(513,9): error TS17004: Cannot use JSX unless the '--jsx' flag is provided.
src/components/Board/Chessboard.tsx(514,7): error TS7026: JSX element implicitly has type 'any' because no interface 'JSX.IntrinsicElements' exists.
src/components/Board/Chessboard.tsx(519,5): error TS17004: Cannot use JSX unless the '--jsx' flag is provided.
src/components/Board/Chessboard.tsx(520,7): error TS7026: JSX element implicitly has type 'any' because no interface 'JSX.IntrinsicElements' exists.
src/components/Board/Chessboard.tsx(520,7): error TS17004: Cannot use JSX unless the '--jsx' flag is provided.
src/components/Board/Chessboard.tsx(531,9): error TS7026: JSX element implicitly has type 'any' because no interface 'JSX.IntrinsicElements' exists.
src/components/Board/Chessboard.tsx(531,9): error TS17004: Cannot use JSX unless the '--jsx' flag is provided.
src/components/Board/Chessboard.tsx(533,9): error TS7026: JSX element implicitly has type 'any' because no interface 'JSX.IntrinsicElements' exists.
src/components/Board/Chessboard.tsx(536,7): error TS7026: JSX element implicitly has type 'any' because no interface 'JSX.IntrinsicElements' exists.
src/components/Board/EvalBar.tsx(1,19): error TS7016: Could not find a declaration file for module 'react'. 'E:/Games/node_modules/react/index.js' implicitly has an 'any' type.
  Try `npm i --save-dev @types/react` if it exists or add a new declaration (.d.ts) file containing `declare module 'react';`
src/components/Board/EvalBar.tsx(10,44): error TS7031: Binding element 'score' implicitly has an 'any' type.
src/components/Board/EvalBar.tsx(10,51): error TS7031: Binding element 'mate' implicitly has an 'any' type.
src/components/Board/EvalBar.tsx(10,57): error TS7031: Binding element 'flipped' implicitly has an 'any' type.
src/components/Board/EvalBar.tsx(46,5): error TS7026: JSX element implicitly has type 'any' because no interface 'JSX.IntrinsicElements' exists.
src/components/Board/EvalBar.tsx(46,5): error TS17004: Cannot use JSX unless the '--jsx' flag is provided.
src/components/Board/EvalBar.tsx(57,7): error TS7026: JSX element implicitly has type 'any' because no interface 'JSX.IntrinsicElements' exists.
src/components/Board/EvalBar.tsx(57,7): error TS17004: Cannot use JSX unless the '--jsx' flag is provided.
src/components/Board/EvalBar.tsx(68,7): error TS7026: JSX element implicitly has type 'any' because no interface 'JSX.IntrinsicElements' exists.
src/components/Board/EvalBar.tsx(68,7): error TS17004: Cannot use JSX unless the '--jsx' flag is provided.
src/components/Board/EvalBar.tsx(83,7): error TS7026: JSX element implicitly has type 'any' because no interface 'JSX.IntrinsicElements' exists.
src/components/Board/EvalBar.tsx(84,5): error TS7026: JSX element implicitly has type 'any' because no interface 'JSX.IntrinsicElements' exists.
src/components/Game/CapturedPieces.tsx(1,32): error TS7016: Could not find a declaration file for module 'react'. 'E:/Games/node_modules/react/index.js' implicitly has an 'any' type.
  Try `npm i --save-dev @types/react` if it exists or add a new declaration (.d.ts) file containing `declare module 'react';`
src/components/Game/CapturedPieces.tsx(2,17): error TS1484: 'PieceSymbol' is a type and must be imported using a type-only import when 'verbatimModuleSyntax' is enabled.
src/components/Game/CapturedPieces.tsx(2,30): error TS1484: 'Color' is a type and must be imported using a type-only import when 'verbatimModuleSyntax' is enabled.
src/components/Game/CapturedPieces.tsx(3,35): error TS6142: Module '../../assets/pieces/PieceSVGs' was resolved to 'E:/Games/src/assets/pieces/PieceSVGs.tsx', but '--jsx' is not set.
src/components/Game/CapturedPieces.tsx(28,58): error TS7031: Binding element 'game' implicitly has an 'any' type.
src/components/Game/CapturedPieces.tsx(28,64): error TS7031: Binding element 'color' implicitly has an 'any' type.
src/components/Game/CapturedPieces.tsx(37,11): error TS6133: 'opponentColor' is declared but its value is never read.
src/components/Game/CapturedPieces.tsx(39,21): error TS7006: Parameter 'move' implicitly has an 'any' type.
src/components/Game/CapturedPieces.tsx(63,53): error TS7053: Element implicitly has an 'any' type because expression of type 'any' can't be used to index type 'Record<PieceSymbol, number>'.
src/components/Game/CapturedPieces.tsx(64,53): error TS7053: Element implicitly has an 'any' type because expression of type 'any' can't be used to index type 'Record<PieceSymbol, number>'.
src/components/Game/CapturedPieces.tsx(82,5): error TS7026: JSX element implicitly has type 'any' because no interface 'JSX.IntrinsicElements' exists.
src/components/Game/CapturedPieces.tsx(82,5): error TS17004: Cannot use JSX unless the '--jsx' flag is provided.
src/components/Game/CapturedPieces.tsx(83,22): error TS7006: Parameter 'p' implicitly has an 'any' type.
src/components/Game/CapturedPieces.tsx(83,25): error TS7006: Parameter 'i' implicitly has an 'any' type.
src/components/Game/CapturedPieces.tsx(88,11): error TS7026: JSX element implicitly has type 'any' because no interface 'JSX.IntrinsicElements' exists.
src/components/Game/CapturedPieces.tsx(88,11): error TS17004: Cannot use JSX unless the '--jsx' flag is provided.
src/components/Game/CapturedPieces.tsx(89,13): error TS17004: Cannot use JSX unless the '--jsx' flag is provided.
src/components/Game/CapturedPieces.tsx(90,11): error TS7026: JSX element implicitly has type 'any' because no interface 'JSX.IntrinsicElements' exists.
src/components/Game/CapturedPieces.tsx(95,9): error TS7026: JSX element implicitly has type 'any' because no interface 'JSX.IntrinsicElements' exists.
src/components/Game/CapturedPieces.tsx(95,9): error TS17004: Cannot use JSX unless the '--jsx' flag is provided.
src/components/Game/CapturedPieces.tsx(102,9): error TS7026: JSX element implicitly has type 'any' because no interface 'JSX.IntrinsicElements' exists.
src/components/Game/CapturedPieces.tsx(104,5): error TS7026: JSX element implicitly has type 'any' because no interface 'JSX.IntrinsicElements' exists.
src/components/Game/GameClock.tsx(1,52): error TS7016: Could not find a declaration file for module 'react'. 'E:/Games/node_modules/react/index.js' implicitly has an 'any' type.
  Try `npm i --save-dev @types/react` if it exists or add a new declaration (.d.ts) file containing `declare module 'react';`
src/components/Game/GameClock.tsx(14,3): error TS7031: Binding element 'timeMs' implicitly has an 'any' type.
src/components/Game/GameClock.tsx(15,3): error TS7031: Binding element 'incrementMs' implicitly has an 'any' type.
src/components/Game/GameClock.tsx(16,3): error TS7031: Binding element 'isActive' implicitly has an 'any' type.
src/components/Game/GameClock.tsx(17,3): error TS7031: Binding element 'color' implicitly has an 'any' type.
src/components/Game/GameClock.tsx(18,3): error TS7031: Binding element 'onTimeUp' implicitly has an 'any' type.
src/components/Game/GameClock.tsx(19,3): error TS7031: Binding element 'gameStarted' implicitly has an 'any' type.
src/components/Game/GameClock.tsx(42,21): error TS7006: Parameter 'prev' implicitly has an 'any' type.
src/components/Game/GameClock.tsx(73,19): error TS7006: Parameter 'prev' implicitly has an 'any' type.
src/components/Game/GameClock.tsx(96,5): error TS7026: JSX element implicitly has type 'any' because no interface 'JSX.IntrinsicElements' exists.
src/components/Game/GameClock.tsx(96,5): error TS17004: Cannot use JSX unless the '--jsx' flag is provided.
src/components/Game/GameClock.tsx(113,5): error TS7026: JSX element implicitly has type 'any' because no interface 'JSX.IntrinsicElements' exists.
src/components/Game/GameControls.tsx(1,19): error TS7016: Could not find a declaration file for module 'react'. 'E:/Games/node_modules/react/index.js' implicitly has an 'any' type.
  Try `npm i --save-dev @types/react` if it exists or add a new declaration (.d.ts) file containing `declare module 'react';`
src/components/Game/GameControls.tsx(12,3): error TS7031: Binding element 'onResign' implicitly has an 'any' type.
src/components/Game/GameControls.tsx(13,3): error TS7031: Binding element 'onDrawOffer' implicitly has an 'any' type.
src/components/Game/GameControls.tsx(14,3): error TS7031: Binding element 'onFlipBoard' implicitly has an 'any' type.
src/components/Game/GameControls.tsx(15,3): error TS7031: Binding element 'canResign' implicitly has an 'any' type.
src/components/Game/GameControls.tsx(16,3): error TS7031: Binding element 'canOfferDraw' implicitly has an 'any' type.
src/components/Game/GameControls.tsx(19,5): error TS7026: JSX element implicitly has type 'any' because no interface 'JSX.IntrinsicElements' exists.
src/components/Game/GameControls.tsx(19,5): error TS17004: Cannot use JSX unless the '--jsx' flag is provided.
src/components/Game/GameControls.tsx(26,7): error TS7026: JSX element implicitly has type 'any' because no interface 'JSX.IntrinsicElements' exists.
src/components/Game/GameControls.tsx(26,7): error TS17004: Cannot use JSX unless the '--jsx' flag is provided.
src/components/Game/GameControls.tsx(34,7): error TS7026: JSX element implicitly has type 'any' because no interface 'JSX.IntrinsicElements' exists.
src/components/Game/GameControls.tsx(35,7): error TS7026: JSX element implicitly has type 'any' because no interface 'JSX.IntrinsicElements' exists.
src/components/Game/GameControls.tsx(35,7): error TS17004: Cannot use JSX unless the '--jsx' flag is provided.
src/components/Game/GameControls.tsx(43,7): error TS7026: JSX element implicitly has type 'any' because no interface 'JSX.IntrinsicElements' exists.
src/components/Game/GameControls.tsx(44,7): error TS7026: JSX element implicitly has type 'any' because no interface 'JSX.IntrinsicElements' exists.
src/components/Game/GameControls.tsx(44,7): error TS17004: Cannot use JSX unless the '--jsx' flag is provided.
src/components/Game/GameControls.tsx(51,7): error TS7026: JSX element implicitly has type 'any' because no interface 'JSX.IntrinsicElements' exists.
src/components/Game/GameControls.tsx(52,5): error TS7026: JSX element implicitly has type 'any' because no interface 'JSX.IntrinsicElements' exists.
src/components/Game/GameOverModal.tsx(1,19): error TS7016: Could not find a declaration file for module 'react'. 'E:/Games/node_modules/react/index.js' implicitly has an 'any' type.
  Try `npm i --save-dev @types/react` if it exists or add a new declaration (.d.ts) file containing `declare module 'react';`
src/components/Game/GameOverModal.tsx(2,10): error TS1484: 'UserProfile' is a type and must be imported using a type-only import when 'verbatimModuleSyntax' is enabled.
src/components/Game/GameOverModal.tsx(2,29): error TS6142: Module '../../context/AuthContext' was resolved to 'E:/Games/src/context/AuthContext.tsx', but '--jsx' is not set.
src/components/Game/GameOverModal.tsx(3,10): error TS1484: 'EloResult' is a type and must be imported using a type-only import when 'verbatimModuleSyntax' is enabled.
src/components/Game/GameOverModal.tsx(20,3): error TS7031: Binding element 'result' implicitly has an 'any' type.
src/components/Game/GameOverModal.tsx(21,3): error TS7031: Binding element 'reason' implicitly has an 'any' type.
src/components/Game/GameOverModal.tsx(22,3): error TS6133: 'playerColor' is declared but its value is never read.
src/components/Game/GameOverModal.tsx(22,3): error TS7031: Binding element 'playerColor' implicitly has an 'any' type.
src/components/Game/GameOverModal.tsx(23,3): error TS6133: 'winnerColor' is declared but its value is never read.
src/components/Game/GameOverModal.tsx(23,3): error TS7031: Binding element 'winnerColor' implicitly has an 'any' type.
src/components/Game/GameOverModal.tsx(24,3): error TS7031: Binding element 'player' implicitly has an 'any' type.
src/components/Game/GameOverModal.tsx(25,3): error TS7031: Binding element 'opponent' implicitly has an 'any' type.
src/components/Game/GameOverModal.tsx(26,3): error TS7031: Binding element 'eloResult' implicitly has an 'any' type.
src/components/Game/GameOverModal.tsx(27,3): error TS7031: Binding element 'onRematch' implicitly has an 'any' type.
src/components/Game/GameOverModal.tsx(28,3): error TS7031: Binding element 'onNewGame' implicitly has an 'any' type.
src/components/Game/GameOverModal.tsx(29,3): error TS7031: Binding element 'onAnalyze' implicitly has an 'any' type.
src/components/Game/GameOverModal.tsx(30,3): error TS7031: Binding element 'onClose' implicitly has an 'any' type.
src/components/Game/GameOverModal.tsx(46,5): error TS7026: JSX element implicitly has type 'any' because no interface 'JSX.IntrinsicElements' exists.
src/components/Game/GameOverModal.tsx(46,5): error TS17004: Cannot use JSX unless the '--jsx' flag is provided.
src/components/Game/GameOverModal.tsx(56,7): error TS7026: JSX element implicitly has type 'any' because no interface 'JSX.IntrinsicElements' exists.
src/components/Game/GameOverModal.tsx(56,7): error TS17004: Cannot use JSX unless the '--jsx' flag is provided.
src/components/Game/GameOverModal.tsx(66,9): error TS7026: JSX element implicitly has type 'any' because no interface 'JSX.IntrinsicElements' exists.
src/components/Game/GameOverModal.tsx(66,9): error TS17004: Cannot use JSX unless the '--jsx' flag is provided.
src/components/Game/GameOverModal.tsx(77,9): error TS7026: JSX element implicitly has type 'any' because no interface 'JSX.IntrinsicElements' exists.
src/components/Game/GameOverModal.tsx(79,9): error TS7026: JSX element implicitly has type 'any' because no interface 'JSX.IntrinsicElements' exists.
src/components/Game/GameOverModal.tsx(79,9): error TS17004: Cannot use JSX unless the '--jsx' flag is provided.
src/components/Game/GameOverModal.tsx(80,11): error TS7026: JSX element implicitly has type 'any' because no interface 'JSX.IntrinsicElements' exists.
src/components/Game/GameOverModal.tsx(80,11): error TS17004: Cannot use JSX unless the '--jsx' flag is provided.
src/components/Game/GameOverModal.tsx(86,11): error TS7026: JSX element implicitly has type 'any' because no interface 'JSX.IntrinsicElements' exists.
src/components/Game/GameOverModal.tsx(87,11): error TS7026: JSX element implicitly has type 'any' because no interface 'JSX.IntrinsicElements' exists.
src/components/Game/GameOverModal.tsx(87,11): error TS17004: Cannot use JSX unless the '--jsx' flag is provided.
src/components/Game/GameOverModal.tsx(89,11): error TS7026: JSX element implicitly has type 'any' because no interface 'JSX.IntrinsicElements' exists.
src/components/Game/GameOverModal.tsx(90,9): error TS7026: JSX element implicitly has type 'any' because no interface 'JSX.IntrinsicElements' exists.
src/components/Game/GameOverModal.tsx(93,9): error TS7026: JSX element implicitly has type 'any' because no interface 'JSX.IntrinsicElements' exists.
src/components/Game/GameOverModal.tsx(93,9): error TS17004: Cannot use JSX unless the '--jsx' flag is provided.
src/components/Game/GameOverModal.tsx(101,11): error TS7026: JSX element implicitly has type 'any' because no interface 'JSX.IntrinsicElements' exists.
src/components/Game/GameOverModal.tsx(101,11): error TS17004: Cannot use JSX unless the '--jsx' flag is provided.
src/components/Game/GameOverModal.tsx(102,13): error TS7026: JSX element implicitly has type 'any' because no interface 'JSX.IntrinsicElements' exists.
src/components/Game/GameOverModal.tsx(102,13): error TS17004: Cannot use JSX unless the '--jsx' flag is provided.
src/components/Game/GameOverModal.tsx(102,66): error TS7026: JSX element implicitly has type 'any' because no interface 'JSX.IntrinsicElements' exists.
src/components/Game/GameOverModal.tsx(104,15): error TS7026: JSX element implicitly has type 'any' because no interface 'JSX.IntrinsicElements' exists.
src/components/Game/GameOverModal.tsx(104,15): error TS17004: Cannot use JSX unless the '--jsx' flag is provided.
src/components/Game/GameOverModal.tsx(112,17): error TS7026: JSX element implicitly has type 'any' because no interface 'JSX.IntrinsicElements' exists.
src/components/Game/GameOverModal.tsx(112,17): error TS17004: Cannot use JSX unless the '--jsx' flag is provided.
src/components/Game/GameOverModal.tsx(114,17): error TS7026: JSX element implicitly has type 'any' because no interface 'JSX.IntrinsicElements' exists.
src/components/Game/GameOverModal.tsx(115,15): error TS7026: JSX element implicitly has type 'any' because no interface 'JSX.IntrinsicElements' exists.
src/components/Game/GameOverModal.tsx(117,11): error TS7026: JSX element implicitly has type 'any' because no interface 'JSX.IntrinsicElements' exists.
src/components/Game/GameOverModal.tsx(118,11): error TS7026: JSX element implicitly has type 'any' because no interface 'JSX.IntrinsicElements' exists.
src/components/Game/GameOverModal.tsx(118,11): error TS17004: Cannot use JSX unless the '--jsx' flag is provided.
src/components/Game/GameOverModal.tsx(118,80): error TS7026: JSX element implicitly has type 'any' because no interface 'JSX.IntrinsicElements' exists.
src/components/Game/GameOverModal.tsx(119,11): error TS7026: JSX element implicitly has type 'any' because no interface 'JSX.IntrinsicElements' exists.
src/components/Game/GameOverModal.tsx(119,11): error TS17004: Cannot use JSX unless the '--jsx' flag is provided.
src/components/Game/GameOverModal.tsx(120,13): error TS7026: JSX element implicitly has type 'any' because no interface 'JSX.IntrinsicElements' exists.
src/components/Game/GameOverModal.tsx(120,13): error TS17004: Cannot use JSX unless the '--jsx' flag is provided.
src/components/Game/GameOverModal.tsx(120,68): error TS7026: JSX element implicitly has type 'any' because no interface 'JSX.IntrinsicElements' exists.
src/components/Game/GameOverModal.tsx(122,15): error TS7026: JSX element implicitly has type 'any' because no interface 'JSX.IntrinsicElements' exists.
src/components/Game/GameOverModal.tsx(122,15): error TS17004: Cannot use JSX unless the '--jsx' flag is provided.
src/components/Game/GameOverModal.tsx(130,17): error TS7026: JSX element implicitly has type 'any' because no interface 'JSX.IntrinsicElements' exists.
src/components/Game/GameOverModal.tsx(130,17): error TS17004: Cannot use JSX unless the '--jsx' flag is provided.
src/components/Game/GameOverModal.tsx(132,17): error TS7026: JSX element implicitly has type 'any' because no interface 'JSX.IntrinsicElements' exists.
src/components/Game/GameOverModal.tsx(133,15): error TS7026: JSX element implicitly has type 'any' because no interface 'JSX.IntrinsicElements' exists.
src/components/Game/GameOverModal.tsx(135,11): error TS7026: JSX element implicitly has type 'any' because no interface 'JSX.IntrinsicElements' exists.
src/components/Game/GameOverModal.tsx(136,9): error TS7026: JSX element implicitly has type 'any' because no interface 'JSX.IntrinsicElements' exists.
src/components/Game/GameOverModal.tsx(139,9): error TS7026: JSX element implicitly has type 'any' because no interface 'JSX.IntrinsicElements' exists.
src/components/Game/GameOverModal.tsx(139,9): error TS17004: Cannot use JSX unless the '--jsx' flag is provided.
src/components/Game/GameOverModal.tsx(140,11): error TS7026: JSX element implicitly has type 'any' because no interface 'JSX.IntrinsicElements' exists.
src/components/Game/GameOverModal.tsx(140,11): error TS17004: Cannot use JSX unless the '--jsx' flag is provided.
src/components/Game/GameOverModal.tsx(142,11): error TS7026: JSX element implicitly has type 'any' because no interface 'JSX.IntrinsicElements' exists.
src/components/Game/GameOverModal.tsx(143,11): error TS7026: JSX element implicitly has type 'any' because no interface 'JSX.IntrinsicElements' exists.
src/components/Game/GameOverModal.tsx(143,11): error TS17004: Cannot use JSX unless the '--jsx' flag is provided.
src/components/Game/GameOverModal.tsx(144,13): error TS7026: JSX element implicitly has type 'any' because no interface 'JSX.IntrinsicElements' exists.
src/components/Game/GameOverModal.tsx(144,13): error TS17004: Cannot use JSX unless the '--jsx' flag is provided.
src/components/Game/GameOverModal.tsx(146,13): error TS7026: JSX element implicitly has type 'any' because no interface 'JSX.IntrinsicElements' exists.
src/components/Game/GameOverModal.tsx(147,13): error TS7026: JSX element implicitly has type 'any' because no interface 'JSX.IntrinsicElements' exists.
src/components/Game/GameOverModal.tsx(147,13): error TS17004: Cannot use JSX unless the '--jsx' flag is provided.
src/components/Game/GameOverModal.tsx(149,13): error TS7026: JSX element implicitly has type 'any' because no interface 'JSX.IntrinsicElements' exists.
src/components/Game/GameOverModal.tsx(150,11): error TS7026: JSX element implicitly has type 'any' because no interface 'JSX.IntrinsicElements' exists.
src/components/Game/GameOverModal.tsx(151,9): error TS7026: JSX element implicitly has type 'any' because no interface 'JSX.IntrinsicElements' exists.
src/components/Game/GameOverModal.tsx(152,7): error TS7026: JSX element implicitly has type 'any' because no interface 'JSX.IntrinsicElements' exists.
src/components/Game/GameOverModal.tsx(153,5): error TS7026: JSX element implicitly has type 'any' because no interface 'JSX.IntrinsicElements' exists.
src/components/Game/MoveHistory.tsx(1,42): error TS7016: Could not find a declaration file for module 'react'. 'E:/Games/node_modules/react/index.js' implicitly has an 'any' type.
  Try `npm i --save-dev @types/react` if it exists or add a new declaration (.d.ts) file containing `declare module 'react';`
src/components/Game/MoveHistory.tsx(11,52): error TS7031: Binding element 'game' implicitly has an 'any' type.
src/components/Game/MoveHistory.tsx(11,58): error TS7031: Binding element 'currentMoveIndex' implicitly has an 'any' type.
src/components/Game/MoveHistory.tsx(11,76): error TS7031: Binding element 'onMoveClick' implicitly has an 'any' type.
src/components/Game/MoveHistory.tsx(33,5): error TS7026: JSX element implicitly has type 'any' because no interface 'JSX.IntrinsicElements' exists.
src/components/Game/MoveHistory.tsx(33,5): error TS17004: Cannot use JSX unless the '--jsx' flag is provided.
src/components/Game/MoveHistory.tsx(34,7): error TS7026: JSX element implicitly has type 'any' because no interface 'JSX.IntrinsicElements' exists.
src/components/Game/MoveHistory.tsx(34,7): error TS17004: Cannot use JSX unless the '--jsx' flag is provided.
src/components/Game/MoveHistory.tsx(35,9): error TS7026: JSX element implicitly has type 'any' because no interface 'JSX.IntrinsicElements' exists.
src/components/Game/MoveHistory.tsx(35,9): error TS17004: Cannot use JSX unless the '--jsx' flag is provided.
src/components/Game/MoveHistory.tsx(35,25): error TS7026: JSX element implicitly has type 'any' because no interface 'JSX.IntrinsicElements' exists.
src/components/Game/MoveHistory.tsx(36,7): error TS7026: JSX element implicitly has type 'any' because no interface 'JSX.IntrinsicElements' exists.
src/components/Game/MoveHistory.tsx(38,7): error TS7026: JSX element implicitly has type 'any' because no interface 'JSX.IntrinsicElements' exists.
src/components/Game/MoveHistory.tsx(38,7): error TS17004: Cannot use JSX unless the '--jsx' flag is provided.
src/components/Game/MoveHistory.tsx(40,11): error TS7026: JSX element implicitly has type 'any' because no interface 'JSX.IntrinsicElements' exists.
src/components/Game/MoveHistory.tsx(40,11): error TS17004: Cannot use JSX unless the '--jsx' flag is provided.
src/components/Game/MoveHistory.tsx(40,62): error TS7026: JSX element implicitly has type 'any' because no interface 'JSX.IntrinsicElements' exists.
src/components/Game/MoveHistory.tsx(47,15): error TS7026: JSX element implicitly has type 'any' because no interface 'JSX.IntrinsicElements' exists.
src/components/Game/MoveHistory.tsx(47,15): error TS17004: Cannot use JSX unless the '--jsx' flag is provided.
src/components/Game/MoveHistory.tsx(48,17): error TS7026: JSX element implicitly has type 'any' because no interface 'JSX.IntrinsicElements' exists.
src/components/Game/MoveHistory.tsx(48,17): error TS17004: Cannot use JSX unless the '--jsx' flag is provided.
src/components/Game/MoveHistory.tsx(48,59): error TS7026: JSX element implicitly has type 'any' because no interface 'JSX.IntrinsicElements' exists.
src/components/Game/MoveHistory.tsx(50,17): error TS7026: JSX element implicitly has type 'any' because no interface 'JSX.IntrinsicElements' exists.
src/components/Game/MoveHistory.tsx(50,17): error TS17004: Cannot use JSX unless the '--jsx' flag is provided.
src/components/Game/MoveHistory.tsx(56,21): error TS7026: JSX element implicitly has type 'any' because no interface 'JSX.IntrinsicElements' exists.
src/components/Game/MoveHistory.tsx(56,21): error TS17004: Cannot use JSX unless the '--jsx' flag is provided.
src/components/Game/MoveHistory.tsx(59,17): error TS7026: JSX element implicitly has type 'any' because no interface 'JSX.IntrinsicElements' exists.
src/components/Game/MoveHistory.tsx(62,19): error TS7026: JSX element implicitly has type 'any' because no interface 'JSX.IntrinsicElements' exists.
src/components/Game/MoveHistory.tsx(62,19): error TS17004: Cannot use JSX unless the '--jsx' flag is provided.
src/components/Game/MoveHistory.tsx(67,23): error TS7026: JSX element implicitly has type 'any' because no interface 'JSX.IntrinsicElements' exists.
src/components/Game/MoveHistory.tsx(67,23): error TS17004: Cannot use JSX unless the '--jsx' flag is provided.
src/components/Game/MoveHistory.tsx(70,19): error TS7026: JSX element implicitly has type 'any' because no interface 'JSX.IntrinsicElements' exists.
src/components/Game/MoveHistory.tsx(72,19): error TS7026: JSX element implicitly has type 'any' because no interface 'JSX.IntrinsicElements' exists.
src/components/Game/MoveHistory.tsx(72,19): error TS17004: Cannot use JSX unless the '--jsx' flag is provided.
src/components/Game/MoveHistory.tsx(72,52): error TS7026: JSX element implicitly has type 'any' because no interface 'JSX.IntrinsicElements' exists.
src/components/Game/MoveHistory.tsx(74,15): error TS7026: JSX element implicitly has type 'any' because no interface 'JSX.IntrinsicElements' exists.
src/components/Game/MoveHistory.tsx(78,7): error TS7026: JSX element implicitly has type 'any' because no interface 'JSX.IntrinsicElements' exists.
src/components/Game/MoveHistory.tsx(81,7): error TS7026: JSX element implicitly has type 'any' because no interface 'JSX.IntrinsicElements' exists.
src/components/Game/MoveHistory.tsx(81,7): error TS17004: Cannot use JSX unless the '--jsx' flag is provided.
src/components/Game/MoveHistory.tsx(82,9): error TS7026: JSX element implicitly has type 'any' because no interface 'JSX.IntrinsicElements' exists.
src/components/Game/MoveHistory.tsx(82,9): error TS17004: Cannot use JSX unless the '--jsx' flag is provided.
src/components/Game/MoveHistory.tsx(89,9): error TS7026: JSX element implicitly has type 'any' because no interface 'JSX.IntrinsicElements' exists.
src/components/Game/MoveHistory.tsx(90,9): error TS7026: JSX element implicitly has type 'any' because no interface 'JSX.IntrinsicElements' exists.
src/components/Game/MoveHistory.tsx(90,9): error TS17004: Cannot use JSX unless the '--jsx' flag is provided.
src/components/Game/MoveHistory.tsx(97,9): error TS7026: JSX element implicitly has type 'any' because no interface 'JSX.IntrinsicElements' exists.
src/components/Game/MoveHistory.tsx(98,9): error TS7026: JSX element implicitly has type 'any' because no interface 'JSX.IntrinsicElements' exists.
src/components/Game/MoveHistory.tsx(98,9): error TS17004: Cannot use JSX unless the '--jsx' flag is provided.
src/components/Game/MoveHistory.tsx(105,9): error TS7026: JSX element implicitly has type 'any' because no interface 'JSX.IntrinsicElements' exists.
src/components/Game/MoveHistory.tsx(106,9): error TS7026: JSX element implicitly has type 'any' because no interface 'JSX.IntrinsicElements' exists.
src/components/Game/MoveHistory.tsx(106,9): error TS17004: Cannot use JSX unless the '--jsx' flag is provided.
src/components/Game/MoveHistory.tsx(113,9): error TS7026: JSX element implicitly has type 'any' because no interface 'JSX.IntrinsicElements' exists.
src/components/Game/MoveHistory.tsx(114,7): error TS7026: JSX element implicitly has type 'any' because no interface 'JSX.IntrinsicElements' exists.
src/components/Game/MoveHistory.tsx(115,5): error TS7026: JSX element implicitly has type 'any' because no interface 'JSX.IntrinsicElements' exists.
src/components/Game/PlayerCard.tsx(1,19): error TS7016: Could not find a declaration file for module 'react'. 'E:/Games/node_modules/react/index.js' implicitly has an 'any' type.
  Try `npm i --save-dev @types/react` if it exists or add a new declaration (.d.ts) file containing `declare module 'react';`
src/components/Game/PlayerCard.tsx(2,17): error TS1484: 'Color' is a type and must be imported using a type-only import when 'verbatimModuleSyntax' is enabled.
src/components/Game/PlayerCard.tsx(3,23): error TS6142: Module './GameClock' was resolved to 'E:/Games/src/components/Game/GameClock.tsx', but '--jsx' is not set.
src/components/Game/PlayerCard.tsx(4,28): error TS6142: Module './CapturedPieces' was resolved to 'E:/Games/src/components/Game/CapturedPieces.tsx', but '--jsx' is not set.
src/components/Game/PlayerCard.tsx(5,10): error TS1484: 'UserProfile' is a type and must be imported using a type-only import when 'verbatimModuleSyntax' is enabled.
src/components/Game/PlayerCard.tsx(5,29): error TS6142: Module '../../context/AuthContext' was resolved to 'E:/Games/src/context/AuthContext.tsx', but '--jsx' is not set.
src/components/Game/PlayerCard.tsx(20,3): error TS7031: Binding element 'player' implicitly has an 'any' type.
src/components/Game/PlayerCard.tsx(21,3): error TS7031: Binding element 'color' implicitly has an 'any' type.
src/components/Game/PlayerCard.tsx(22,3): error TS7031: Binding element 'game' implicitly has an 'any' type.
src/components/Game/PlayerCard.tsx(23,3): error TS7031: Binding element 'timeMs' implicitly has an 'any' type.
src/components/Game/PlayerCard.tsx(24,3): error TS7031: Binding element 'incrementMs' implicitly has an 'any' type.
src/components/Game/PlayerCard.tsx(25,3): error TS7031: Binding element 'isActive' implicitly has an 'any' type.
src/components/Game/PlayerCard.tsx(26,3): error TS7031: Binding element 'gameStarted' implicitly has an 'any' type.
src/components/Game/PlayerCard.tsx(27,3): error TS7031: Binding element 'onTimeUp' implicitly has an 'any' type.
src/components/Game/PlayerCard.tsx(28,3): error TS6133: 'isBottom' is declared but its value is never read.
src/components/Game/PlayerCard.tsx(43,5): error TS7026: JSX element implicitly has type 'any' because no interface 'JSX.IntrinsicElements' exists.
src/components/Game/PlayerCard.tsx(43,5): error TS17004: Cannot use JSX unless the '--jsx' flag is provided.
src/components/Game/PlayerCard.tsx(51,7): error TS7026: JSX element implicitly has type 'any' because no interface 'JSX.IntrinsicElements' exists.
src/components/Game/PlayerCard.tsx(51,7): error TS17004: Cannot use JSX unless the '--jsx' flag is provided.
src/components/Game/PlayerCard.tsx(53,9): error TS7026: JSX element implicitly has type 'any' because no interface 'JSX.IntrinsicElements' exists.
src/components/Game/PlayerCard.tsx(53,9): error TS17004: Cannot use JSX unless the '--jsx' flag is provided.
src/components/Game/PlayerCard.tsx(70,9): error TS7026: JSX element implicitly has type 'any' because no interface 'JSX.IntrinsicElements' exists.
src/components/Game/PlayerCard.tsx(73,9): error TS7026: JSX element implicitly has type 'any' because no interface 'JSX.IntrinsicElements' exists.
src/components/Game/PlayerCard.tsx(73,9): error TS17004: Cannot use JSX unless the '--jsx' flag is provided.
src/components/Game/PlayerCard.tsx(74,11): error TS7026: JSX element implicitly has type 'any' because no interface 'JSX.IntrinsicElements' exists.
src/components/Game/PlayerCard.tsx(74,11): error TS17004: Cannot use JSX unless the '--jsx' flag is provided.
src/components/Game/PlayerCard.tsx(75,13): error TS7026: JSX element implicitly has type 'any' because no interface 'JSX.IntrinsicElements' exists.
src/components/Game/PlayerCard.tsx(75,13): error TS17004: Cannot use JSX unless the '--jsx' flag is provided.
src/components/Game/PlayerCard.tsx(81,13): error TS7026: JSX element implicitly has type 'any' because no interface 'JSX.IntrinsicElements' exists.
src/components/Game/PlayerCard.tsx(83,15): error TS7026: JSX element implicitly has type 'any' because no interface 'JSX.IntrinsicElements' exists.
src/components/Game/PlayerCard.tsx(83,15): error TS17004: Cannot use JSX unless the '--jsx' flag is provided.
src/components/Game/PlayerCard.tsx(88,15): error TS7026: JSX element implicitly has type 'any' because no interface 'JSX.IntrinsicElements' exists.
src/components/Game/PlayerCard.tsx(90,11): error TS7026: JSX element implicitly has type 'any' because no interface 'JSX.IntrinsicElements' exists.
src/components/Game/PlayerCard.tsx(91,11): error TS7026: JSX element implicitly has type 'any' because no interface 'JSX.IntrinsicElements' exists.
src/components/Game/PlayerCard.tsx(91,11): error TS17004: Cannot use JSX unless the '--jsx' flag is provided.
src/components/Game/PlayerCard.tsx(92,13): error TS17004: Cannot use JSX unless the '--jsx' flag is provided.
src/components/Game/PlayerCard.tsx(93,11): error TS7026: JSX element implicitly has type 'any' because no interface 'JSX.IntrinsicElements' exists.
src/components/Game/PlayerCard.tsx(94,9): error TS7026: JSX element implicitly has type 'any' because no interface 'JSX.IntrinsicElements' exists.
src/components/Game/PlayerCard.tsx(95,7): error TS7026: JSX element implicitly has type 'any' because no interface 'JSX.IntrinsicElements' exists.
src/components/Game/PlayerCard.tsx(98,7): error TS17004: Cannot use JSX unless the '--jsx' flag is provided.
src/components/Game/PlayerCard.tsx(106,5): error TS7026: JSX element implicitly has type 'any' because no interface 'JSX.IntrinsicElements' exists.
src/components/Layout/Sidebar.tsx(1,33): error TS7016: Could not find a declaration file for module 'react'. 'E:/Games/node_modules/react/index.js' implicitly has an 'any' type.
  Try `npm i --save-dev @types/react` if it exists or add a new declaration (.d.ts) file containing `declare module 'react';`
src/components/Layout/Sidebar.tsx(3,25): error TS6142: Module '../../context/AuthContext' was resolved to 'E:/Games/src/context/AuthContext.tsx', but '--jsx' is not set.
src/components/Layout/Sidebar.tsx(11,5): error TS7026: JSX element implicitly has type 'any' because no interface 'JSX.IntrinsicElements' exists.
src/components/Layout/Sidebar.tsx(11,5): error TS17004: Cannot use JSX unless the '--jsx' flag is provided.
src/components/Layout/Sidebar.tsx(12,7): error TS7026: JSX element implicitly has type 'any' because no interface 'JSX.IntrinsicElements' exists.
src/components/Layout/Sidebar.tsx(12,7): error TS17004: Cannot use JSX unless the '--jsx' flag is provided.
src/components/Layout/Sidebar.tsx(13,9): error TS7026: JSX element implicitly has type 'any' because no interface 'JSX.IntrinsicElements' exists.
src/components/Layout/Sidebar.tsx(13,9): error TS17004: Cannot use JSX unless the '--jsx' flag is provided.
src/components/Layout/Sidebar.tsx(14,11): error TS7026: JSX element implicitly has type 'any' because no interface 'JSX.IntrinsicElements' exists.
src/components/Layout/Sidebar.tsx(14,11): error TS17004: Cannot use JSX unless the '--jsx' flag is provided.
src/components/Layout/Sidebar.tsx(14,39): error TS7026: JSX element implicitly has type 'any' because no interface 'JSX.IntrinsicElements' exists.
src/components/Layout/Sidebar.tsx(15,11): error TS7026: JSX element implicitly has type 'any' because no interface 'JSX.IntrinsicElements' exists.
src/components/Layout/Sidebar.tsx(15,11): error TS17004: Cannot use JSX unless the '--jsx' flag is provided.
src/components/Layout/Sidebar.tsx(15,50): error TS7026: JSX element implicitly has type 'any' because no interface 'JSX.IntrinsicElements' exists.
src/components/Layout/Sidebar.tsx(16,9): error TS7026: JSX element implicitly has type 'any' because no interface 'JSX.IntrinsicElements' exists.
src/components/Layout/Sidebar.tsx(17,9): error TS7026: JSX element implicitly has type 'any' because no interface 'JSX.IntrinsicElements' exists.
src/components/Layout/Sidebar.tsx(17,9): error TS17004: Cannot use JSX unless the '--jsx' flag is provided.
src/components/Layout/Sidebar.tsx(19,9): error TS7026: JSX element implicitly has type 'any' because no interface 'JSX.IntrinsicElements' exists.
src/components/Layout/Sidebar.tsx(20,7): error TS7026: JSX element implicitly has type 'any' because no interface 'JSX.IntrinsicElements' exists.
src/components/Layout/Sidebar.tsx(22,7): error TS7026: JSX element implicitly has type 'any' because no interface 'JSX.IntrinsicElements' exists.
src/components/Layout/Sidebar.tsx(22,7): error TS17004: Cannot use JSX unless the '--jsx' flag is provided.
src/components/Layout/Sidebar.tsx(23,9): error TS17004: Cannot use JSX unless the '--jsx' flag is provided.
src/components/Layout/Sidebar.tsx(23,39): error TS7031: Binding element 'isActive' implicitly has an 'any' type.
src/components/Layout/Sidebar.tsx(24,11): error TS7026: JSX element implicitly has type 'any' because no interface 'JSX.IntrinsicElements' exists.
src/components/Layout/Sidebar.tsx(24,11): error TS17004: Cannot use JSX unless the '--jsx' flag is provided.
src/components/Layout/Sidebar.tsx(24,40): error TS7026: JSX element implicitly has type 'any' because no interface 'JSX.IntrinsicElements' exists.
src/components/Layout/Sidebar.tsx(25,11): error TS7026: JSX element implicitly has type 'any' because no interface 'JSX.IntrinsicElements' exists.
src/components/Layout/Sidebar.tsx(25,11): error TS17004: Cannot use JSX unless the '--jsx' flag is provided.
src/components/Layout/Sidebar.tsx(25,42): error TS7026: JSX element implicitly has type 'any' because no interface 'JSX.IntrinsicElements' exists.
src/components/Layout/Sidebar.tsx(27,9): error TS17004: Cannot use JSX unless the '--jsx' flag is provided.
src/components/Layout/Sidebar.tsx(27,43): error TS7031: Binding element 'isActive' implicitly has an 'any' type.
src/components/Layout/Sidebar.tsx(28,11): error TS7026: JSX element implicitly has type 'any' because no interface 'JSX.IntrinsicElements' exists.
src/components/Layout/Sidebar.tsx(28,11): error TS17004: Cannot use JSX unless the '--jsx' flag is provided.
src/components/Layout/Sidebar.tsx(28,40): error TS7026: JSX element implicitly has type 'any' because no interface 'JSX.IntrinsicElements' exists.
src/components/Layout/Sidebar.tsx(29,11): error TS7026: JSX element implicitly has type 'any' because no interface 'JSX.IntrinsicElements' exists.
src/components/Layout/Sidebar.tsx(29,11): error TS17004: Cannot use JSX unless the '--jsx' flag is provided.
src/components/Layout/Sidebar.tsx(29,42): error TS7026: JSX element implicitly has type 'any' because no interface 'JSX.IntrinsicElements' exists.
src/components/Layout/Sidebar.tsx(31,9): error TS17004: Cannot use JSX unless the '--jsx' flag is provided.
src/components/Layout/Sidebar.tsx(31,46): error TS7031: Binding element 'isActive' implicitly has an 'any' type.
src/components/Layout/Sidebar.tsx(32,11): error TS7026: JSX element implicitly has type 'any' because no interface 'JSX.IntrinsicElements' exists.
src/components/Layout/Sidebar.tsx(32,11): error TS17004: Cannot use JSX unless the '--jsx' flag is provided.
src/components/Layout/Sidebar.tsx(32,40): error TS7026: JSX element implicitly has type 'any' because no interface 'JSX.IntrinsicElements' exists.
src/components/Layout/Sidebar.tsx(33,11): error TS7026: JSX element implicitly has type 'any' because no interface 'JSX.IntrinsicElements' exists.
src/components/Layout/Sidebar.tsx(33,11): error TS17004: Cannot use JSX unless the '--jsx' flag is provided.
src/components/Layout/Sidebar.tsx(33,45): error TS7026: JSX element implicitly has type 'any' because no interface 'JSX.IntrinsicElements' exists.
src/components/Layout/Sidebar.tsx(35,9): error TS17004: Cannot use JSX unless the '--jsx' flag is provided.
src/components/Layout/Sidebar.tsx(35,47): error TS7031: Binding element 'isActive' implicitly has an 'any' type.
src/components/Layout/Sidebar.tsx(36,11): error TS7026: JSX element implicitly has type 'any' because no interface 'JSX.IntrinsicElements' exists.
src/components/Layout/Sidebar.tsx(36,11): error TS17004: Cannot use JSX unless the '--jsx' flag is provided.
src/components/Layout/Sidebar.tsx(36,40): error TS7026: JSX element implicitly has type 'any' because no interface 'JSX.IntrinsicElements' exists.
src/components/Layout/Sidebar.tsx(37,11): error TS7026: JSX element implicitly has type 'any' because no interface 'JSX.IntrinsicElements' exists.
src/components/Layout/Sidebar.tsx(37,11): error TS17004: Cannot use JSX unless the '--jsx' flag is provided.
src/components/Layout/Sidebar.tsx(37,46): error TS7026: JSX element implicitly has type 'any' because no interface 'JSX.IntrinsicElements' exists.
src/components/Layout/Sidebar.tsx(39,9): error TS17004: Cannot use JSX unless the '--jsx' flag is provided.
src/components/Layout/Sidebar.tsx(39,47): error TS7031: Binding element 'isActive' implicitly has an 'any' type.
src/components/Layout/Sidebar.tsx(40,11): error TS7026: JSX element implicitly has type 'any' because no interface 'JSX.IntrinsicElements' exists.
src/components/Layout/Sidebar.tsx(40,11): error TS17004: Cannot use JSX unless the '--jsx' flag is provided.
src/components/Layout/Sidebar.tsx(40,40): error TS7026: JSX element implicitly has type 'any' because no interface 'JSX.IntrinsicElements' exists.
src/components/Layout/Sidebar.tsx(41,11): error TS7026: JSX element implicitly has type 'any' because no interface 'JSX.IntrinsicElements' exists.
src/components/Layout/Sidebar.tsx(41,11): error TS17004: Cannot use JSX unless the '--jsx' flag is provided.
src/components/Layout/Sidebar.tsx(41,46): error TS7026: JSX element implicitly has type 'any' because no interface 'JSX.IntrinsicElements' exists.
src/components/Layout/Sidebar.tsx(43,7): error TS7026: JSX element implicitly has type 'any' because no interface 'JSX.IntrinsicElements' exists.
src/components/Layout/Sidebar.tsx(45,7): error TS7026: JSX element implicitly has type 'any' because no interface 'JSX.IntrinsicElements' exists.
src/components/Layout/Sidebar.tsx(45,7): error TS17004: Cannot use JSX unless the '--jsx' flag is provided.
src/components/Layout/Sidebar.tsx(47,11): error TS7026: JSX element implicitly has type 'any' because no interface 'JSX.IntrinsicElements' exists.
src/components/Layout/Sidebar.tsx(47,11): error TS17004: Cannot use JSX unless the '--jsx' flag is provided.
src/components/Layout/Sidebar.tsx(48,13): error TS7026: JSX element implicitly has type 'any' because no interface 'JSX.IntrinsicElements' exists.
src/components/Layout/Sidebar.tsx(48,13): error TS17004: Cannot use JSX unless the '--jsx' flag is provided.
src/components/Layout/Sidebar.tsx(50,13): error TS7026: JSX element implicitly has type 'any' because no interface 'JSX.IntrinsicElements' exists.
src/components/Layout/Sidebar.tsx(51,13): error TS7026: JSX element implicitly has type 'any' because no interface 'JSX.IntrinsicElements' exists.
src/components/Layout/Sidebar.tsx(51,13): error TS17004: Cannot use JSX unless the '--jsx' flag is provided.
src/components/Layout/Sidebar.tsx(52,15): error TS7026: JSX element implicitly has type 'any' because no interface 'JSX.IntrinsicElements' exists.
src/components/Layout/Sidebar.tsx(52,15): error TS17004: Cannot use JSX unless the '--jsx' flag is provided.
src/components/Layout/Sidebar.tsx(52,69): error TS7026: JSX element implicitly has type 'any' because no interface 'JSX.IntrinsicElements' exists.
src/components/Layout/Sidebar.tsx(53,15): error TS7026: JSX element implicitly has type 'any' because no interface 'JSX.IntrinsicElements' exists.
src/components/Layout/Sidebar.tsx(53,15): error TS17004: Cannot use JSX unless the '--jsx' flag is provided.
src/components/Layout/Sidebar.tsx(53,65): error TS7026: JSX element implicitly has type 'any' because no interface 'JSX.IntrinsicElements' exists.
src/components/Layout/Sidebar.tsx(54,13): error TS7026: JSX element implicitly has type 'any' because no interface 'JSX.IntrinsicElements' exists.
src/components/Layout/Sidebar.tsx(55,13): error TS7026: JSX element implicitly has type 'any' because no interface 'JSX.IntrinsicElements' exists.
src/components/Layout/Sidebar.tsx(55,13): error TS17004: Cannot use JSX unless the '--jsx' flag is provided.
src/components/Layout/Sidebar.tsx(57,13): error TS7026: JSX element implicitly has type 'any' because no interface 'JSX.IntrinsicElements' exists.
src/components/Layout/Sidebar.tsx(58,11): error TS7026: JSX element implicitly has type 'any' because no interface 'JSX.IntrinsicElements' exists.
src/components/Layout/Sidebar.tsx(60,11): error TS17004: Cannot use JSX unless the '--jsx' flag is provided.
src/components/Layout/Sidebar.tsx(64,7): error TS7026: JSX element implicitly has type 'any' because no interface 'JSX.IntrinsicElements' exists.
src/components/Layout/Sidebar.tsx(65,5): error TS7026: JSX element implicitly has type 'any' because no interface 'JSX.IntrinsicElements' exists.
src/context/AuthContext.tsx(1,84): error TS7016: Could not find a declaration file for module 'react'. 'E:/Games/node_modules/react/index.js' implicitly has an 'any' type.
  Try `npm i --save-dev @types/react` if it exists or add a new declaration (.d.ts) file containing `declare module 'react';`
src/context/AuthContext.tsx(100,67): error TS7031: Binding element 'children' implicitly has an 'any' type.
src/context/AuthContext.tsx(148,5): error TS17004: Cannot use JSX unless the '--jsx' flag is provided.
src/context/SettingsContext.tsx(1,82): error TS7016: Could not find a declaration file for module 'react'. 'E:/Games/node_modules/react/index.js' implicitly has an 'any' type.
  Try `npm i --save-dev @types/react` if it exists or add a new declaration (.d.ts) file containing `declare module 'react';`
src/context/SettingsContext.tsx(59,71): error TS7031: Binding element 'children' implicitly has an 'any' type.
src/context/SettingsContext.tsx(110,17): error TS7006: Parameter 'prev' implicitly has an 'any' type.
src/context/SettingsContext.tsx(118,5): error TS17004: Cannot use JSX unless the '--jsx' flag is provided.
src/engine/StockfishWorker.ts(5,5): error TS6133: 'isReady' is declared but its value is never read.
src/engine/useStockfish.ts(1,58): error TS7016: Could not find a declaration file for module 'react'. 'E:/Games/node_modules/react/index.js' implicitly has an 'any' type.
  Try `npm i --save-dev @types/react` if it exists or add a new declaration (.d.ts) file containing `declare module 'react';`
src/engine/useStockfish.ts(41,18): error TS7006: Parameter 'prev' implicitly has an 'any' type.
src/engine/useStockfish.ts(66,18): error TS7006: Parameter 'prev' implicitly has an 'any' type.
src/engine/useStockfish.ts(78,14): error TS7006: Parameter 'prev' implicitly has an 'any' type.
src/engine/useStockfish.ts(95,14): error TS7006: Parameter 'prev' implicitly has an 'any' type.
src/pages/AnalysisPage.tsx(1,38): error TS6133: 'useRef' is declared but its value is never read.
src/pages/AnalysisPage.tsx(1,52): error TS7016: Could not find a declaration file for module 'react'. 'E:/Games/node_modules/react/index.js' implicitly has an 'any' type.
  Try `npm i --save-dev @types/react` if it exists or add a new declaration (.d.ts) file containing `declare module 'react';`
src/pages/AnalysisPage.tsx(4,24): error TS6142: Module '../components/Board/Chessboard' was resolved to 'E:/Games/src/components/Board/Chessboard.tsx', but '--jsx' is not set.
src/pages/AnalysisPage.tsx(5,21): error TS6142: Module '../components/Board/EvalBar' was resolved to 'E:/Games/src/components/Board/EvalBar.tsx', but '--jsx' is not set.
src/pages/AnalysisPage.tsx(6,25): error TS6142: Module '../components/Game/MoveHistory' was resolved to 'E:/Games/src/components/Game/MoveHistory.tsx', but '--jsx' is not set.
src/pages/AnalysisPage.tsx(110,43): error TS7006: Parameter 'l' implicitly has an 'any' type.
src/pages/AnalysisPage.tsx(110,72): error TS7006: Parameter 'line' implicitly has an 'any' type.
src/pages/AnalysisPage.tsx(118,5): error TS7026: JSX element implicitly has type 'any' because no interface 'JSX.IntrinsicElements' exists.
src/pages/AnalysisPage.tsx(118,5): error TS17004: Cannot use JSX unless the '--jsx' flag is provided.
src/pages/AnalysisPage.tsx(121,7): error TS7026: JSX element implicitly has type 'any' because no interface 'JSX.IntrinsicElements' exists.
src/pages/AnalysisPage.tsx(121,7): error TS17004: Cannot use JSX unless the '--jsx' flag is provided.
src/pages/AnalysisPage.tsx(122,9): error TS7026: JSX element implicitly has type 'any' because no interface 'JSX.IntrinsicElements' exists.
src/pages/AnalysisPage.tsx(122,9): error TS17004: Cannot use JSX unless the '--jsx' flag is provided.
src/pages/AnalysisPage.tsx(123,11): error TS17004: Cannot use JSX unless the '--jsx' flag is provided.
src/pages/AnalysisPage.tsx(124,9): error TS7026: JSX element implicitly has type 'any' because no interface 'JSX.IntrinsicElements' exists.
src/pages/AnalysisPage.tsx(125,9): error TS7026: JSX element implicitly has type 'any' because no interface 'JSX.IntrinsicElements' exists.
src/pages/AnalysisPage.tsx(125,9): error TS17004: Cannot use JSX unless the '--jsx' flag is provided.
src/pages/AnalysisPage.tsx(126,11): error TS7026: JSX element implicitly has type 'any' because no interface 'JSX.IntrinsicElements' exists.
src/pages/AnalysisPage.tsx(126,11): error TS17004: Cannot use JSX unless the '--jsx' flag is provided.
src/pages/AnalysisPage.tsx(127,13): error TS7026: JSX element implicitly has type 'any' because no interface 'JSX.IntrinsicElements' exists.
src/pages/AnalysisPage.tsx(127,13): error TS17004: Cannot use JSX unless the '--jsx' flag is provided.
src/pages/AnalysisPage.tsx(127,59): error TS7026: JSX element implicitly has type 'any' because no interface 'JSX.IntrinsicElements' exists.
src/pages/AnalysisPage.tsx(128,13): error TS7026: JSX element implicitly has type 'any' because no interface 'JSX.IntrinsicElements' exists.
src/pages/AnalysisPage.tsx(128,13): error TS17004: Cannot use JSX unless the '--jsx' flag is provided.
src/pages/AnalysisPage.tsx(128,76): error TS7026: JSX element implicitly has type 'any' because no interface 'JSX.IntrinsicElements' exists.
src/pages/AnalysisPage.tsx(129,11): error TS7026: JSX element implicitly has type 'any' because no interface 'JSX.IntrinsicElements' exists.
src/pages/AnalysisPage.tsx(131,11): error TS17004: Cannot use JSX unless the '--jsx' flag is provided.
src/pages/AnalysisPage.tsx(143,9): error TS7026: JSX element implicitly has type 'any' because no interface 'JSX.IntrinsicElements' exists.
src/pages/AnalysisPage.tsx(144,7): error TS7026: JSX element implicitly has type 'any' because no interface 'JSX.IntrinsicElements' exists.
src/pages/AnalysisPage.tsx(147,7): error TS7026: JSX element implicitly has type 'any' because no interface 'JSX.IntrinsicElements' exists.
src/pages/AnalysisPage.tsx(147,7): error TS17004: Cannot use JSX unless the '--jsx' flag is provided.
src/pages/AnalysisPage.tsx(150,9): error TS7026: JSX element implicitly has type 'any' because no interface 'JSX.IntrinsicElements' exists.
src/pages/AnalysisPage.tsx(150,9): error TS17004: Cannot use JSX unless the '--jsx' flag is provided.
src/pages/AnalysisPage.tsx(151,11): error TS7026: JSX element implicitly has type 'any' because no interface 'JSX.IntrinsicElements' exists.
src/pages/AnalysisPage.tsx(151,11): error TS17004: Cannot use JSX unless the '--jsx' flag is provided.
src/pages/AnalysisPage.tsx(151,101): error TS7026: JSX element implicitly has type 'any' because no interface 'JSX.IntrinsicElements' exists.
src/pages/AnalysisPage.tsx(152,11): error TS7026: JSX element implicitly has type 'any' because no interface 'JSX.IntrinsicElements' exists.
src/pages/AnalysisPage.tsx(152,11): error TS17004: Cannot use JSX unless the '--jsx' flag is provided.
src/pages/AnalysisPage.tsx(154,15): error TS7026: JSX element implicitly has type 'any' because no interface 'JSX.IntrinsicElements' exists.
src/pages/AnalysisPage.tsx(154,15): error TS17004: Cannot use JSX unless the '--jsx' flag is provided.
src/pages/AnalysisPage.tsx(154,73): error TS7026: JSX element implicitly has type 'any' because no interface 'JSX.IntrinsicElements' exists.
src/pages/AnalysisPage.tsx(156,38): error TS7006: Parameter 'line' implicitly has an 'any' type.
src/pages/AnalysisPage.tsx(156,44): error TS7006: Parameter 'i' implicitly has an 'any' type.
src/pages/AnalysisPage.tsx(157,17): error TS7026: JSX element implicitly has type 'any' because no interface 'JSX.IntrinsicElements' exists.
src/pages/AnalysisPage.tsx(157,17): error TS17004: Cannot use JSX unless the '--jsx' flag is provided.
src/pages/AnalysisPage.tsx(158,19): error TS7026: JSX element implicitly has type 'any' because no interface 'JSX.IntrinsicElements' exists.
src/pages/AnalysisPage.tsx(158,19): error TS17004: Cannot use JSX unless the '--jsx' flag is provided.
src/pages/AnalysisPage.tsx(164,19): error TS7026: JSX element implicitly has type 'any' because no interface 'JSX.IntrinsicElements' exists.
src/pages/AnalysisPage.tsx(165,19): error TS7026: JSX element implicitly has type 'any' because no interface 'JSX.IntrinsicElements' exists.
src/pages/AnalysisPage.tsx(165,19): error TS17004: Cannot use JSX unless the '--jsx' flag is provided.
src/pages/AnalysisPage.tsx(167,19): error TS7026: JSX element implicitly has type 'any' because no interface 'JSX.IntrinsicElements' exists.
src/pages/AnalysisPage.tsx(168,17): error TS7026: JSX element implicitly has type 'any' because no interface 'JSX.IntrinsicElements' exists.
src/pages/AnalysisPage.tsx(171,11): error TS7026: JSX element implicitly has type 'any' because no interface 'JSX.IntrinsicElements' exists.
src/pages/AnalysisPage.tsx(172,9): error TS7026: JSX element implicitly has type 'any' because no interface 'JSX.IntrinsicElements' exists.
src/pages/AnalysisPage.tsx(175,9): error TS7026: JSX element implicitly has type 'any' because no interface 'JSX.IntrinsicElements' exists.
src/pages/AnalysisPage.tsx(175,9): error TS17004: Cannot use JSX unless the '--jsx' flag is provided.
src/pages/AnalysisPage.tsx(176,11): error TS17004: Cannot use JSX unless the '--jsx' flag is provided.
src/pages/AnalysisPage.tsx(181,11): error TS7026: JSX element implicitly has type 'any' because no interface 'JSX.IntrinsicElements' exists.
src/pages/AnalysisPage.tsx(181,11): error TS17004: Cannot use JSX unless the '--jsx' flag is provided.
src/pages/AnalysisPage.tsx(182,13): error TS7026: JSX element implicitly has type 'any' because no interface 'JSX.IntrinsicElements' exists.
src/pages/AnalysisPage.tsx(182,13): error TS17004: Cannot use JSX unless the '--jsx' flag is provided.
src/pages/AnalysisPage.tsx(184,13): error TS7026: JSX element implicitly has type 'any' because no interface 'JSX.IntrinsicElements' exists.
src/pages/AnalysisPage.tsx(185,13): error TS7026: JSX element implicitly has type 'any' because no interface 'JSX.IntrinsicElements' exists.
src/pages/AnalysisPage.tsx(185,13): error TS17004: Cannot use JSX unless the '--jsx' flag is provided.
src/pages/AnalysisPage.tsx(190,13): error TS7026: JSX element implicitly has type 'any' because no interface 'JSX.IntrinsicElements' exists.
src/pages/AnalysisPage.tsx(191,11): error TS7026: JSX element implicitly has type 'any' because no interface 'JSX.IntrinsicElements' exists.
src/pages/AnalysisPage.tsx(192,9): error TS7026: JSX element implicitly has type 'any' because no interface 'JSX.IntrinsicElements' exists.
src/pages/AnalysisPage.tsx(195,9): error TS7026: JSX element implicitly has type 'any' because no interface 'JSX.IntrinsicElements' exists.
src/pages/AnalysisPage.tsx(195,9): error TS17004: Cannot use JSX unless the '--jsx' flag is provided.
src/pages/AnalysisPage.tsx(196,11): error TS7026: JSX element implicitly has type 'any' because no interface 'JSX.IntrinsicElements' exists.
src/pages/AnalysisPage.tsx(196,11): error TS17004: Cannot use JSX unless the '--jsx' flag is provided.
src/pages/AnalysisPage.tsx(196,95): error TS7026: JSX element implicitly has type 'any' because no interface 'JSX.IntrinsicElements' exists.
src/pages/AnalysisPage.tsx(197,11): error TS7026: JSX element implicitly has type 'any' because no interface 'JSX.IntrinsicElements' exists.
src/pages/AnalysisPage.tsx(197,11): error TS17004: Cannot use JSX unless the '--jsx' flag is provided.
src/pages/AnalysisPage.tsx(198,13): error TS7026: JSX element implicitly has type 'any' because no interface 'JSX.IntrinsicElements' exists.
src/pages/AnalysisPage.tsx(198,13): error TS17004: Cannot use JSX unless the '--jsx' flag is provided.
src/pages/AnalysisPage.tsx(202,25): error TS7006: Parameter 'e' implicitly has an 'any' type.
src/pages/AnalysisPage.tsx(205,13): error TS7026: JSX element implicitly has type 'any' because no interface 'JSX.IntrinsicElements' exists.
src/pages/AnalysisPage.tsx(205,13): error TS17004: Cannot use JSX unless the '--jsx' flag is provided.
src/pages/AnalysisPage.tsx(207,13): error TS7026: JSX element implicitly has type 'any' because no interface 'JSX.IntrinsicElements' exists.
src/pages/AnalysisPage.tsx(208,11): error TS7026: JSX element implicitly has type 'any' because no interface 'JSX.IntrinsicElements' exists.
src/pages/AnalysisPage.tsx(209,9): error TS7026: JSX element implicitly has type 'any' because no interface 'JSX.IntrinsicElements' exists.
src/pages/AnalysisPage.tsx(211,7): error TS7026: JSX element implicitly has type 'any' because no interface 'JSX.IntrinsicElements' exists.
src/pages/AnalysisPage.tsx(212,5): error TS7026: JSX element implicitly has type 'any' because no interface 'JSX.IntrinsicElements' exists.
src/pages/GamePage.tsx(1,66): error TS7016: Could not find a declaration file for module 'react'. 'E:/Games/node_modules/react/index.js' implicitly has an 'any' type.
  Try `npm i --save-dev @types/react` if it exists or add a new declaration (.d.ts) file containing `declare module 'react';`
src/pages/GamePage.tsx(3,23): error TS1484: 'Color' is a type and must be imported using a type-only import when 'verbatimModuleSyntax' is enabled.
src/pages/GamePage.tsx(4,24): error TS6142: Module '../components/Board/Chessboard' was resolved to 'E:/Games/src/components/Board/Chessboard.tsx', but '--jsx' is not set.
src/pages/GamePage.tsx(5,21): error TS6142: Module '../components/Board/EvalBar' was resolved to 'E:/Games/src/components/Board/EvalBar.tsx', but '--jsx' is not set.
src/pages/GamePage.tsx(6,24): error TS6142: Module '../components/Game/PlayerCard' was resolved to 'E:/Games/src/components/Game/PlayerCard.tsx', but '--jsx' is not set.
src/pages/GamePage.tsx(7,25): error TS6142: Module '../components/Game/MoveHistory' was resolved to 'E:/Games/src/components/Game/MoveHistory.tsx', but '--jsx' is not set.
src/pages/GamePage.tsx(8,26): error TS6142: Module '../components/Game/GameControls' was resolved to 'E:/Games/src/components/Game/GameControls.tsx', but '--jsx' is not set.
src/pages/GamePage.tsx(9,27): error TS6142: Module '../components/Game/GameOverModal' was resolved to 'E:/Games/src/components/Game/GameOverModal.tsx', but '--jsx' is not set.
src/pages/GamePage.tsx(12,19): error TS1484: 'UserProfile' is a type and must be imported using a type-only import when 'verbatimModuleSyntax' is enabled.
src/pages/GamePage.tsx(12,19): error TS6133: 'UserProfile' is declared but its value is never read.
src/pages/GamePage.tsx(12,38): error TS6142: Module '../context/AuthContext' was resolved to 'E:/Games/src/context/AuthContext.tsx', but '--jsx' is not set.
src/pages/GamePage.tsx(13,29): error TS6142: Module '../context/SettingsContext' was resolved to 'E:/Games/src/context/SettingsContext.tsx', but '--jsx' is not set.
src/pages/GamePage.tsx(62,20): error TS6133: 'isEvaluating' is declared but its value is never read.
src/pages/GamePage.tsx(240,5): error TS7026: JSX element implicitly has type 'any' because no interface 'JSX.IntrinsicElements' exists.
src/pages/GamePage.tsx(240,5): error TS17004: Cannot use JSX unless the '--jsx' flag is provided.
src/pages/GamePage.tsx(241,7): error TS7026: JSX element implicitly has type 'any' because no interface 'JSX.IntrinsicElements' exists.
src/pages/GamePage.tsx(241,7): error TS17004: Cannot use JSX unless the '--jsx' flag is provided.
src/pages/GamePage.tsx(245,11): error TS7026: JSX element implicitly has type 'any' because no interface 'JSX.IntrinsicElements' exists.
src/pages/GamePage.tsx(245,11): error TS17004: Cannot use JSX unless the '--jsx' flag is provided.
src/pages/GamePage.tsx(246,13): error TS17004: Cannot use JSX unless the '--jsx' flag is provided.
src/pages/GamePage.tsx(251,11): error TS7026: JSX element implicitly has type 'any' because no interface 'JSX.IntrinsicElements' exists.
src/pages/GamePage.tsx(255,9): error TS7026: JSX element implicitly has type 'any' because no interface 'JSX.IntrinsicElements' exists.
src/pages/GamePage.tsx(255,9): error TS17004: Cannot use JSX unless the '--jsx' flag is provided.
src/pages/GamePage.tsx(256,11): error TS17004: Cannot use JSX unless the '--jsx' flag is provided.
src/pages/GamePage.tsx(267,11): error TS7026: JSX element implicitly has type 'any' because no interface 'JSX.IntrinsicElements' exists.
src/pages/GamePage.tsx(267,11): error TS17004: Cannot use JSX unless the '--jsx' flag is provided.
src/pages/GamePage.tsx(268,13): error TS17004: Cannot use JSX unless the '--jsx' flag is provided.
src/pages/GamePage.tsx(279,11): error TS7026: JSX element implicitly has type 'any' because no interface 'JSX.IntrinsicElements' exists.
src/pages/GamePage.tsx(281,11): error TS17004: Cannot use JSX unless the '--jsx' flag is provided.
src/pages/GamePage.tsx(292,9): error TS7026: JSX element implicitly has type 'any' because no interface 'JSX.IntrinsicElements' exists.
src/pages/GamePage.tsx(295,9): error TS7026: JSX element implicitly has type 'any' because no interface 'JSX.IntrinsicElements' exists.
src/pages/GamePage.tsx(295,9): error TS17004: Cannot use JSX unless the '--jsx' flag is provided.
src/pages/GamePage.tsx(296,11): error TS17004: Cannot use JSX unless the '--jsx' flag is provided.
src/pages/GamePage.tsx(301,11): error TS17004: Cannot use JSX unless the '--jsx' flag is provided.
src/pages/GamePage.tsx(308,9): error TS7026: JSX element implicitly has type 'any' because no interface 'JSX.IntrinsicElements' exists.
src/pages/GamePage.tsx(310,7): error TS7026: JSX element implicitly has type 'any' because no interface 'JSX.IntrinsicElements' exists.
src/pages/GamePage.tsx(313,9): error TS17004: Cannot use JSX unless the '--jsx' flag is provided.
src/pages/GamePage.tsx(334,5): error TS7026: JSX element implicitly has type 'any' because no interface 'JSX.IntrinsicElements' exists.
src/pages/HomePage.tsx(1,19): error TS7016: Could not find a declaration file for module 'react'. 'E:/Games/node_modules/react/index.js' implicitly has an 'any' type.
  Try `npm i --save-dev @types/react` if it exists or add a new declaration (.d.ts) file containing `declare module 'react';`
src/pages/HomePage.tsx(3,25): error TS2307: Cannot find module '../../context/AuthContext' or its corresponding type declarations.
src/pages/HomePage.tsx(4,33): error TS2307: Cannot find module '../../engine/puzzles' or its corresponding type declarations.
src/pages/HomePage.tsx(10,9): error TS6133: 'dailyPuzzle' is declared but its value is never read.
src/pages/HomePage.tsx(13,5): error TS7026: JSX element implicitly has type 'any' because no interface 'JSX.IntrinsicElements' exists.
src/pages/HomePage.tsx(13,5): error TS17004: Cannot use JSX unless the '--jsx' flag is provided.
src/pages/HomePage.tsx(15,7): error TS7026: JSX element implicitly has type 'any' because no interface 'JSX.IntrinsicElements' exists.
src/pages/HomePage.tsx(15,7): error TS17004: Cannot use JSX unless the '--jsx' flag is provided.
src/pages/HomePage.tsx(24,9): error TS7026: JSX element implicitly has type 'any' because no interface 'JSX.IntrinsicElements' exists.
src/pages/HomePage.tsx(24,9): error TS17004: Cannot use JSX unless the '--jsx' flag is provided.
src/pages/HomePage.tsx(25,11): error TS7026: JSX element implicitly has type 'any' because no interface 'JSX.IntrinsicElements' exists.
src/pages/HomePage.tsx(25,11): error TS17004: Cannot use JSX unless the '--jsx' flag is provided.
src/pages/HomePage.tsx(26,31): error TS7026: JSX element implicitly has type 'any' because no interface 'JSX.IntrinsicElements' exists.
src/pages/HomePage.tsx(26,31): error TS17004: Cannot use JSX unless the '--jsx' flag is provided.
src/pages/HomePage.tsx(27,13): error TS7026: JSX element implicitly has type 'any' because no interface 'JSX.IntrinsicElements' exists.
src/pages/HomePage.tsx(27,13): error TS17004: Cannot use JSX unless the '--jsx' flag is provided.
src/pages/HomePage.tsx(27,77): error TS7026: JSX element implicitly has type 'any' because no interface 'JSX.IntrinsicElements' exists.
src/pages/HomePage.tsx(28,11): error TS7026: JSX element implicitly has type 'any' because no interface 'JSX.IntrinsicElements' exists.
src/pages/HomePage.tsx(29,11): error TS7026: JSX element implicitly has type 'any' because no interface 'JSX.IntrinsicElements' exists.
src/pages/HomePage.tsx(29,11): error TS17004: Cannot use JSX unless the '--jsx' flag is provided.
src/pages/HomePage.tsx(31,11): error TS7026: JSX element implicitly has type 'any' because no interface 'JSX.IntrinsicElements' exists.
src/pages/HomePage.tsx(32,11): error TS7026: JSX element implicitly has type 'any' because no interface 'JSX.IntrinsicElements' exists.
src/pages/HomePage.tsx(32,11): error TS17004: Cannot use JSX unless the '--jsx' flag is provided.
src/pages/HomePage.tsx(33,13): error TS7026: JSX element implicitly has type 'any' because no interface 'JSX.IntrinsicElements' exists.
src/pages/HomePage.tsx(33,13): error TS17004: Cannot use JSX unless the '--jsx' flag is provided.
src/pages/HomePage.tsx(39,13): error TS7026: JSX element implicitly has type 'any' because no interface 'JSX.IntrinsicElements' exists.
src/pages/HomePage.tsx(40,13): error TS7026: JSX element implicitly has type 'any' because no interface 'JSX.IntrinsicElements' exists.
src/pages/HomePage.tsx(40,13): error TS17004: Cannot use JSX unless the '--jsx' flag is provided.
src/pages/HomePage.tsx(46,13): error TS7026: JSX element implicitly has type 'any' because no interface 'JSX.IntrinsicElements' exists.
src/pages/HomePage.tsx(47,11): error TS7026: JSX element implicitly has type 'any' because no interface 'JSX.IntrinsicElements' exists.
src/pages/HomePage.tsx(48,9): error TS7026: JSX element implicitly has type 'any' because no interface 'JSX.IntrinsicElements' exists.
src/pages/HomePage.tsx(50,9): error TS7026: JSX element implicitly has type 'any' because no interface 'JSX.IntrinsicElements' exists.
src/pages/HomePage.tsx(50,9): error TS17004: Cannot use JSX unless the '--jsx' flag is provided.
src/pages/HomePage.tsx(51,11): error TS7026: JSX element implicitly has type 'any' because no interface 'JSX.IntrinsicElements' exists.
src/pages/HomePage.tsx(51,11): error TS17004: Cannot use JSX unless the '--jsx' flag is provided.
src/pages/HomePage.tsx(60,9): error TS7026: JSX element implicitly has type 'any' because no interface 'JSX.IntrinsicElements' exists.
src/pages/HomePage.tsx(61,7): error TS7026: JSX element implicitly has type 'any' because no interface 'JSX.IntrinsicElements' exists.
src/pages/HomePage.tsx(64,7): error TS7026: JSX element implicitly has type 'any' because no interface 'JSX.IntrinsicElements' exists.
src/pages/HomePage.tsx(64,7): error TS17004: Cannot use JSX unless the '--jsx' flag is provided.
src/pages/HomePage.tsx(67,9): error TS7026: JSX element implicitly has type 'any' because no interface 'JSX.IntrinsicElements' exists.
src/pages/HomePage.tsx(67,9): error TS17004: Cannot use JSX unless the '--jsx' flag is provided.
src/pages/HomePage.tsx(68,11): error TS7026: JSX element implicitly has type 'any' because no interface 'JSX.IntrinsicElements' exists.
src/pages/HomePage.tsx(68,11): error TS17004: Cannot use JSX unless the '--jsx' flag is provided.
src/pages/HomePage.tsx(70,11): error TS7026: JSX element implicitly has type 'any' because no interface 'JSX.IntrinsicElements' exists.
src/pages/HomePage.tsx(71,11): error TS7026: JSX element implicitly has type 'any' because no interface 'JSX.IntrinsicElements' exists.
src/pages/HomePage.tsx(71,11): error TS17004: Cannot use JSX unless the '--jsx' flag is provided.
src/pages/HomePage.tsx(72,13): error TS7026: JSX element implicitly has type 'any' because no interface 'JSX.IntrinsicElements' exists.
src/pages/HomePage.tsx(72,13): error TS17004: Cannot use JSX unless the '--jsx' flag is provided.
src/pages/HomePage.tsx(72,177): error TS7026: JSX element implicitly has type 'any' because no interface 'JSX.IntrinsicElements' exists.
src/pages/HomePage.tsx(73,13): error TS7026: JSX element implicitly has type 'any' because no interface 'JSX.IntrinsicElements' exists.
src/pages/HomePage.tsx(73,13): error TS17004: Cannot use JSX unless the '--jsx' flag is provided.
src/pages/HomePage.tsx(73,176): error TS7026: JSX element implicitly has type 'any' because no interface 'JSX.IntrinsicElements' exists.
src/pages/HomePage.tsx(74,13): error TS7026: JSX element implicitly has type 'any' because no interface 'JSX.IntrinsicElements' exists.
src/pages/HomePage.tsx(74,13): error TS17004: Cannot use JSX unless the '--jsx' flag is provided.
src/pages/HomePage.tsx(74,176): error TS7026: JSX element implicitly has type 'any' because no interface 'JSX.IntrinsicElements' exists.
src/pages/HomePage.tsx(75,13): error TS7026: JSX element implicitly has type 'any' because no interface 'JSX.IntrinsicElements' exists.
src/pages/HomePage.tsx(75,13): error TS17004: Cannot use JSX unless the '--jsx' flag is provided.
src/pages/HomePage.tsx(75,178): error TS7026: JSX element implicitly has type 'any' because no interface 'JSX.IntrinsicElements' exists.
src/pages/HomePage.tsx(76,11): error TS7026: JSX element implicitly has type 'any' because no interface 'JSX.IntrinsicElements' exists.
src/pages/HomePage.tsx(77,9): error TS7026: JSX element implicitly has type 'any' because no interface 'JSX.IntrinsicElements' exists.
src/pages/HomePage.tsx(80,9): error TS7026: JSX element implicitly has type 'any' because no interface 'JSX.IntrinsicElements' exists.
src/pages/HomePage.tsx(80,9): error TS17004: Cannot use JSX unless the '--jsx' flag is provided.
src/pages/HomePage.tsx(81,11): error TS7026: JSX element implicitly has type 'any' because no interface 'JSX.IntrinsicElements' exists.
src/pages/HomePage.tsx(81,11): error TS17004: Cannot use JSX unless the '--jsx' flag is provided.
src/pages/HomePage.tsx(83,11): error TS7026: JSX element implicitly has type 'any' because no interface 'JSX.IntrinsicElements' exists.
src/pages/HomePage.tsx(84,11): error TS7026: JSX element implicitly has type 'any' because no interface 'JSX.IntrinsicElements' exists.
src/pages/HomePage.tsx(84,11): error TS17004: Cannot use JSX unless the '--jsx' flag is provided.
src/pages/HomePage.tsx(86,11): error TS7026: JSX element implicitly has type 'any' because no interface 'JSX.IntrinsicElements' exists.
src/pages/HomePage.tsx(87,11): error TS7026: JSX element implicitly has type 'any' because no interface 'JSX.IntrinsicElements' exists.
src/pages/HomePage.tsx(87,11): error TS17004: Cannot use JSX unless the '--jsx' flag is provided.
src/pages/HomePage.tsx(88,13): error TS7026: JSX element implicitly has type 'any' because no interface 'JSX.IntrinsicElements' exists.
src/pages/HomePage.tsx(88,13): error TS17004: Cannot use JSX unless the '--jsx' flag is provided.
src/pages/HomePage.tsx(94,13): error TS7026: JSX element implicitly has type 'any' because no interface 'JSX.IntrinsicElements' exists.
src/pages/HomePage.tsx(95,11): error TS7026: JSX element implicitly has type 'any' because no interface 'JSX.IntrinsicElements' exists.
src/pages/HomePage.tsx(96,9): error TS7026: JSX element implicitly has type 'any' because no interface 'JSX.IntrinsicElements' exists.
src/pages/HomePage.tsx(100,11): error TS7026: JSX element implicitly has type 'any' because no interface 'JSX.IntrinsicElements' exists.
src/pages/HomePage.tsx(100,11): error TS17004: Cannot use JSX unless the '--jsx' flag is provided.
src/pages/HomePage.tsx(101,13): error TS7026: JSX element implicitly has type 'any' because no interface 'JSX.IntrinsicElements' exists.
src/pages/HomePage.tsx(101,13): error TS17004: Cannot use JSX unless the '--jsx' flag is provided.
src/pages/HomePage.tsx(103,13): error TS7026: JSX element implicitly has type 'any' because no interface 'JSX.IntrinsicElements' exists.
src/pages/HomePage.tsx(104,13): error TS7026: JSX element implicitly has type 'any' because no interface 'JSX.IntrinsicElements' exists.
src/pages/HomePage.tsx(104,13): error TS17004: Cannot use JSX unless the '--jsx' flag is provided.
src/pages/HomePage.tsx(105,15): error TS7026: JSX element implicitly has type 'any' because no interface 'JSX.IntrinsicElements' exists.
src/pages/HomePage.tsx(105,15): error TS17004: Cannot use JSX unless the '--jsx' flag is provided.
src/pages/HomePage.tsx(105,33): error TS7026: JSX element implicitly has type 'any' because no interface 'JSX.IntrinsicElements' exists.
src/pages/HomePage.tsx(106,15): error TS7026: JSX element implicitly has type 'any' because no interface 'JSX.IntrinsicElements' exists.
src/pages/HomePage.tsx(106,15): error TS17004: Cannot use JSX unless the '--jsx' flag is provided.
src/pages/HomePage.tsx(106,77): error TS7026: JSX element implicitly has type 'any' because no interface 'JSX.IntrinsicElements' exists.
src/pages/HomePage.tsx(107,13): error TS7026: JSX element implicitly has type 'any' because no interface 'JSX.IntrinsicElements' exists.
src/pages/HomePage.tsx(108,13): error TS7026: JSX element implicitly has type 'any' because no interface 'JSX.IntrinsicElements' exists.
src/pages/HomePage.tsx(108,13): error TS17004: Cannot use JSX unless the '--jsx' flag is provided.
src/pages/HomePage.tsx(109,15): error TS7026: JSX element implicitly has type 'any' because no interface 'JSX.IntrinsicElements' exists.
src/pages/HomePage.tsx(109,15): error TS17004: Cannot use JSX unless the '--jsx' flag is provided.
src/pages/HomePage.tsx(109,33): error TS7026: JSX element implicitly has type 'any' because no interface 'JSX.IntrinsicElements' exists.
src/pages/HomePage.tsx(110,15): error TS7026: JSX element implicitly has type 'any' because no interface 'JSX.IntrinsicElements' exists.
src/pages/HomePage.tsx(110,15): error TS17004: Cannot use JSX unless the '--jsx' flag is provided.
src/pages/HomePage.tsx(110,82): error TS7026: JSX element implicitly has type 'any' because no interface 'JSX.IntrinsicElements' exists.
src/pages/HomePage.tsx(111,13): error TS7026: JSX element implicitly has type 'any' because no interface 'JSX.IntrinsicElements' exists.
src/pages/HomePage.tsx(112,13): error TS7026: JSX element implicitly has type 'any' because no interface 'JSX.IntrinsicElements' exists.
src/pages/HomePage.tsx(112,13): error TS17004: Cannot use JSX unless the '--jsx' flag is provided.
src/pages/HomePage.tsx(113,15): error TS7026: JSX element implicitly has type 'any' because no interface 'JSX.IntrinsicElements' exists.
src/pages/HomePage.tsx(113,15): error TS17004: Cannot use JSX unless the '--jsx' flag is provided.
src/pages/HomePage.tsx(113,34): error TS7026: JSX element implicitly has type 'any' because no interface 'JSX.IntrinsicElements' exists.
src/pages/HomePage.tsx(114,15): error TS7026: JSX element implicitly has type 'any' because no interface 'JSX.IntrinsicElements' exists.
src/pages/HomePage.tsx(114,15): error TS17004: Cannot use JSX unless the '--jsx' flag is provided.
src/pages/HomePage.tsx(115,17): error TS7026: JSX element implicitly has type 'any' because no interface 'JSX.IntrinsicElements' exists.
src/pages/HomePage.tsx(115,17): error TS17004: Cannot use JSX unless the '--jsx' flag is provided.
src/pages/HomePage.tsx(115,88): error TS7026: JSX element implicitly has type 'any' because no interface 'JSX.IntrinsicElements' exists.
src/pages/HomePage.tsx(116,17): error TS7026: JSX element implicitly has type 'any' because no interface 'JSX.IntrinsicElements' exists.
src/pages/HomePage.tsx(116,17): error TS17004: Cannot use JSX unless the '--jsx' flag is provided.
src/pages/HomePage.tsx(116,89): error TS7026: JSX element implicitly has type 'any' because no interface 'JSX.IntrinsicElements' exists.
src/pages/HomePage.tsx(117,17): error TS7026: JSX element implicitly has type 'any' because no interface 'JSX.IntrinsicElements' exists.
src/pages/HomePage.tsx(117,17): error TS17004: Cannot use JSX unless the '--jsx' flag is provided.
src/pages/HomePage.tsx(117,91): error TS7026: JSX element implicitly has type 'any' because no interface 'JSX.IntrinsicElements' exists.
src/pages/HomePage.tsx(118,15): error TS7026: JSX element implicitly has type 'any' because no interface 'JSX.IntrinsicElements' exists.
src/pages/HomePage.tsx(119,13): error TS7026: JSX element implicitly has type 'any' because no interface 'JSX.IntrinsicElements' exists.
src/pages/HomePage.tsx(120,11): error TS7026: JSX element implicitly has type 'any' because no interface 'JSX.IntrinsicElements' exists.
src/pages/HomePage.tsx(123,7): error TS7026: JSX element implicitly has type 'any' because no interface 'JSX.IntrinsicElements' exists.
src/pages/HomePage.tsx(124,5): error TS7026: JSX element implicitly has type 'any' because no interface 'JSX.IntrinsicElements' exists.
src/pages/PlayPage.tsx(1,33): error TS7016: Could not find a declaration file for module 'react'. 'E:/Games/node_modules/react/index.js' implicitly has an 'any' type.
  Try `npm i --save-dev @types/react` if it exists or add a new declaration (.d.ts) file containing `declare module 'react';`
src/pages/PlayPage.tsx(30,5): error TS7026: JSX element implicitly has type 'any' because no interface 'JSX.IntrinsicElements' exists.
src/pages/PlayPage.tsx(30,5): error TS17004: Cannot use JSX unless the '--jsx' flag is provided.
src/pages/PlayPage.tsx(32,7): error TS7026: JSX element implicitly has type 'any' because no interface 'JSX.IntrinsicElements' exists.
src/pages/PlayPage.tsx(32,7): error TS17004: Cannot use JSX unless the '--jsx' flag is provided.
src/pages/PlayPage.tsx(40,9): error TS7026: JSX element implicitly has type 'any' because no interface 'JSX.IntrinsicElements' exists.
src/pages/PlayPage.tsx(40,9): error TS17004: Cannot use JSX unless the '--jsx' flag is provided.
src/pages/PlayPage.tsx(42,9): error TS7026: JSX element implicitly has type 'any' because no interface 'JSX.IntrinsicElements' exists.
src/pages/PlayPage.tsx(45,9): error TS7026: JSX element implicitly has type 'any' because no interface 'JSX.IntrinsicElements' exists.
src/pages/PlayPage.tsx(45,9): error TS17004: Cannot use JSX unless the '--jsx' flag is provided.
src/pages/PlayPage.tsx(46,11): error TS7026: JSX element implicitly has type 'any' because no interface 'JSX.IntrinsicElements' exists.
src/pages/PlayPage.tsx(46,11): error TS17004: Cannot use JSX unless the '--jsx' flag is provided.
src/pages/PlayPage.tsx(46,108): error TS7026: JSX element implicitly has type 'any' because no interface 'JSX.IntrinsicElements' exists.
src/pages/PlayPage.tsx(47,11): error TS7026: JSX element implicitly has type 'any' because no interface 'JSX.IntrinsicElements' exists.
src/pages/PlayPage.tsx(47,11): error TS17004: Cannot use JSX unless the '--jsx' flag is provided.
src/pages/PlayPage.tsx(48,13): error TS7026: JSX element implicitly has type 'any' because no interface 'JSX.IntrinsicElements' exists.
src/pages/PlayPage.tsx(48,13): error TS17004: Cannot use JSX unless the '--jsx' flag is provided.
src/pages/PlayPage.tsx(54,13): error TS7026: JSX element implicitly has type 'any' because no interface 'JSX.IntrinsicElements' exists.
src/pages/PlayPage.tsx(55,13): error TS7026: JSX element implicitly has type 'any' because no interface 'JSX.IntrinsicElements' exists.
src/pages/PlayPage.tsx(55,13): error TS17004: Cannot use JSX unless the '--jsx' flag is provided.
src/pages/PlayPage.tsx(61,13): error TS7026: JSX element implicitly has type 'any' because no interface 'JSX.IntrinsicElements' exists.
src/pages/PlayPage.tsx(62,11): error TS7026: JSX element implicitly has type 'any' because no interface 'JSX.IntrinsicElements' exists.
src/pages/PlayPage.tsx(63,9): error TS7026: JSX element implicitly has type 'any' because no interface 'JSX.IntrinsicElements' exists.
src/pages/PlayPage.tsx(66,9): error TS7026: JSX element implicitly has type 'any' because no interface 'JSX.IntrinsicElements' exists.
src/pages/PlayPage.tsx(66,9): error TS17004: Cannot use JSX unless the '--jsx' flag is provided.
src/pages/PlayPage.tsx(67,11): error TS7026: JSX element implicitly has type 'any' because no interface 'JSX.IntrinsicElements' exists.
src/pages/PlayPage.tsx(67,11): error TS17004: Cannot use JSX unless the '--jsx' flag is provided.
src/pages/PlayPage.tsx(67,111): error TS7026: JSX element implicitly has type 'any' because no interface 'JSX.IntrinsicElements' exists.
src/pages/PlayPage.tsx(68,11): error TS7026: JSX element implicitly has type 'any' because no interface 'JSX.IntrinsicElements' exists.
src/pages/PlayPage.tsx(68,11): error TS17004: Cannot use JSX unless the '--jsx' flag is provided.
src/pages/PlayPage.tsx(70,15): error TS7026: JSX element implicitly has type 'any' because no interface 'JSX.IntrinsicElements' exists.
src/pages/PlayPage.tsx(70,15): error TS17004: Cannot use JSX unless the '--jsx' flag is provided.
src/pages/PlayPage.tsx(71,17): error TS7026: JSX element implicitly has type 'any' because no interface 'JSX.IntrinsicElements' exists.
src/pages/PlayPage.tsx(71,17): error TS17004: Cannot use JSX unless the '--jsx' flag is provided.
src/pages/PlayPage.tsx(71,94): error TS7026: JSX element implicitly has type 'any' because no interface 'JSX.IntrinsicElements' exists.
src/pages/PlayPage.tsx(72,17): error TS7026: JSX element implicitly has type 'any' because no interface 'JSX.IntrinsicElements' exists.
src/pages/PlayPage.tsx(72,17): error TS17004: Cannot use JSX unless the '--jsx' flag is provided.
src/pages/PlayPage.tsx(74,21): error TS7026: JSX element implicitly has type 'any' because no interface 'JSX.IntrinsicElements' exists.
src/pages/PlayPage.tsx(74,21): error TS17004: Cannot use JSX unless the '--jsx' flag is provided.
src/pages/PlayPage.tsx(81,21): error TS7026: JSX element implicitly has type 'any' because no interface 'JSX.IntrinsicElements' exists.
src/pages/PlayPage.tsx(83,17): error TS7026: JSX element implicitly has type 'any' because no interface 'JSX.IntrinsicElements' exists.
src/pages/PlayPage.tsx(84,15): error TS7026: JSX element implicitly has type 'any' because no interface 'JSX.IntrinsicElements' exists.
src/pages/PlayPage.tsx(86,11): error TS7026: JSX element implicitly has type 'any' because no interface 'JSX.IntrinsicElements' exists.
src/pages/PlayPage.tsx(87,9): error TS7026: JSX element implicitly has type 'any' because no interface 'JSX.IntrinsicElements' exists.
src/pages/PlayPage.tsx(91,11): error TS7026: JSX element implicitly has type 'any' because no interface 'JSX.IntrinsicElements' exists.
src/pages/PlayPage.tsx(91,11): error TS17004: Cannot use JSX unless the '--jsx' flag is provided.
src/pages/PlayPage.tsx(92,13): error TS7026: JSX element implicitly has type 'any' because no interface 'JSX.IntrinsicElements' exists.
src/pages/PlayPage.tsx(92,13): error TS17004: Cannot use JSX unless the '--jsx' flag is provided.
src/pages/PlayPage.tsx(93,15): error TS7026: JSX element implicitly has type 'any' because no interface 'JSX.IntrinsicElements' exists.
src/pages/PlayPage.tsx(93,15): error TS17004: Cannot use JSX unless the '--jsx' flag is provided.
src/pages/PlayPage.tsx(93,34): error TS7026: JSX element implicitly has type 'any' because no interface 'JSX.IntrinsicElements' exists.
src/pages/PlayPage.tsx(94,15): error TS7026: JSX element implicitly has type 'any' because no interface 'JSX.IntrinsicElements' exists.
src/pages/PlayPage.tsx(94,15): error TS17004: Cannot use JSX unless the '--jsx' flag is provided.
src/pages/PlayPage.tsx(94,82): error TS7026: JSX element implicitly has type 'any' because no interface 'JSX.IntrinsicElements' exists.
src/pages/PlayPage.tsx(95,13): error TS7026: JSX element implicitly has type 'any' because no interface 'JSX.IntrinsicElements' exists.
src/pages/PlayPage.tsx(96,13): error TS7026: JSX element implicitly has type 'any' because no interface 'JSX.IntrinsicElements' exists.
src/pages/PlayPage.tsx(96,13): error TS17004: Cannot use JSX unless the '--jsx' flag is provided.
src/pages/PlayPage.tsx(101,26): error TS7006: Parameter 'e' implicitly has an 'any' type.
src/pages/PlayPage.tsx(104,13): error TS7026: JSX element implicitly has type 'any' because no interface 'JSX.IntrinsicElements' exists.
src/pages/PlayPage.tsx(104,13): error TS17004: Cannot use JSX unless the '--jsx' flag is provided.
src/pages/PlayPage.tsx(105,15): error TS7026: JSX element implicitly has type 'any' because no interface 'JSX.IntrinsicElements' exists.
src/pages/PlayPage.tsx(105,15): error TS17004: Cannot use JSX unless the '--jsx' flag is provided.
src/pages/PlayPage.tsx(105,35): error TS7026: JSX element implicitly has type 'any' because no interface 'JSX.IntrinsicElements' exists.
src/pages/PlayPage.tsx(106,15): error TS7026: JSX element implicitly has type 'any' because no interface 'JSX.IntrinsicElements' exists.
src/pages/PlayPage.tsx(106,15): error TS17004: Cannot use JSX unless the '--jsx' flag is provided.
src/pages/PlayPage.tsx(106,35): error TS7026: JSX element implicitly has type 'any' because no interface 'JSX.IntrinsicElements' exists.
src/pages/PlayPage.tsx(107,13): error TS7026: JSX element implicitly has type 'any' because no interface 'JSX.IntrinsicElements' exists.
src/pages/PlayPage.tsx(108,11): error TS7026: JSX element implicitly has type 'any' because no interface 'JSX.IntrinsicElements' exists.
src/pages/PlayPage.tsx(112,9): error TS7026: JSX element implicitly has type 'any' because no interface 'JSX.IntrinsicElements' exists.
src/pages/PlayPage.tsx(112,9): error TS17004: Cannot use JSX unless the '--jsx' flag is provided.
src/pages/PlayPage.tsx(113,11): error TS7026: JSX element implicitly has type 'any' because no interface 'JSX.IntrinsicElements' exists.
src/pages/PlayPage.tsx(113,11): error TS17004: Cannot use JSX unless the '--jsx' flag is provided.
src/pages/PlayPage.tsx(113,106): error TS7026: JSX element implicitly has type 'any' because no interface 'JSX.IntrinsicElements' exists.
src/pages/PlayPage.tsx(114,11): error TS7026: JSX element implicitly has type 'any' because no interface 'JSX.IntrinsicElements' exists.
src/pages/PlayPage.tsx(114,11): error TS17004: Cannot use JSX unless the '--jsx' flag is provided.
src/pages/PlayPage.tsx(115,13): error TS7026: JSX element implicitly has type 'any' because no interface 'JSX.IntrinsicElements' exists.
src/pages/PlayPage.tsx(115,13): error TS17004: Cannot use JSX unless the '--jsx' flag is provided.
src/pages/PlayPage.tsx(122,13): error TS7026: JSX element implicitly has type 'any' because no interface 'JSX.IntrinsicElements' exists.
src/pages/PlayPage.tsx(123,13): error TS7026: JSX element implicitly has type 'any' because no interface 'JSX.IntrinsicElements' exists.
src/pages/PlayPage.tsx(123,13): error TS17004: Cannot use JSX unless the '--jsx' flag is provided.
src/pages/PlayPage.tsx(130,13): error TS7026: JSX element implicitly has type 'any' because no interface 'JSX.IntrinsicElements' exists.
src/pages/PlayPage.tsx(131,13): error TS7026: JSX element implicitly has type 'any' because no interface 'JSX.IntrinsicElements' exists.
src/pages/PlayPage.tsx(131,13): error TS17004: Cannot use JSX unless the '--jsx' flag is provided.
src/pages/PlayPage.tsx(138,13): error TS7026: JSX element implicitly has type 'any' because no interface 'JSX.IntrinsicElements' exists.
src/pages/PlayPage.tsx(139,11): error TS7026: JSX element implicitly has type 'any' because no interface 'JSX.IntrinsicElements' exists.
src/pages/PlayPage.tsx(140,9): error TS7026: JSX element implicitly has type 'any' because no interface 'JSX.IntrinsicElements' exists.
src/pages/PlayPage.tsx(142,9): error TS7026: JSX element implicitly has type 'any' because no interface 'JSX.IntrinsicElements' exists.
src/pages/PlayPage.tsx(142,9): error TS17004: Cannot use JSX unless the '--jsx' flag is provided.
src/pages/PlayPage.tsx(148,9): error TS7026: JSX element implicitly has type 'any' because no interface 'JSX.IntrinsicElements' exists.
src/pages/PlayPage.tsx(150,7): error TS7026: JSX element implicitly has type 'any' because no interface 'JSX.IntrinsicElements' exists.
src/pages/PlayPage.tsx(151,5): error TS7026: JSX element implicitly has type 'any' because no interface 'JSX.IntrinsicElements' exists.
src/pages/PuzzlePage.tsx(1,57): error TS7016: Could not find a declaration file for module 'react'. 'E:/Games/node_modules/react/index.js' implicitly has an 'any' type.
  Try `npm i --save-dev @types/react` if it exists or add a new declaration (.d.ts) file containing `declare module 'react';`
src/pages/PuzzlePage.tsx(3,24): error TS6142: Module '../components/Board/Chessboard' was resolved to 'E:/Games/src/components/Board/Chessboard.tsx', but '--jsx' is not set.
src/pages/PuzzlePage.tsx(4,10): error TS6133: 'puzzles' is declared but its value is never read.
src/pages/PuzzlePage.tsx(4,19): error TS1484: 'Puzzle' is a type and must be imported using a type-only import when 'verbatimModuleSyntax' is enabled.
src/pages/PuzzlePage.tsx(6,25): error TS6142: Module '../context/AuthContext' was resolved to 'E:/Games/src/context/AuthContext.tsx', but '--jsx' is not set.
src/pages/PuzzlePage.tsx(109,15): error TS7006: Parameter 's' implicitly has an 'any' type.
src/pages/PuzzlePage.tsx(154,5): error TS7026: JSX element implicitly has type 'any' because no interface 'JSX.IntrinsicElements' exists.
src/pages/PuzzlePage.tsx(154,5): error TS17004: Cannot use JSX unless the '--jsx' flag is provided.
src/pages/PuzzlePage.tsx(156,7): error TS7026: JSX element implicitly has type 'any' because no interface 'JSX.IntrinsicElements' exists.
src/pages/PuzzlePage.tsx(156,7): error TS17004: Cannot use JSX unless the '--jsx' flag is provided.
src/pages/PuzzlePage.tsx(157,9): error TS7026: JSX element implicitly has type 'any' because no interface 'JSX.IntrinsicElements' exists.
src/pages/PuzzlePage.tsx(157,9): error TS17004: Cannot use JSX unless the '--jsx' flag is provided.
src/pages/PuzzlePage.tsx(158,11): error TS7026: JSX element implicitly has type 'any' because no interface 'JSX.IntrinsicElements' exists.
src/pages/PuzzlePage.tsx(158,11): error TS17004: Cannot use JSX unless the '--jsx' flag is provided.
src/pages/PuzzlePage.tsx(159,13): error TS7026: JSX element implicitly has type 'any' because no interface 'JSX.IntrinsicElements' exists.
src/pages/PuzzlePage.tsx(159,13): error TS17004: Cannot use JSX unless the '--jsx' flag is provided.
src/pages/PuzzlePage.tsx(159,77): error TS7026: JSX element implicitly has type 'any' because no interface 'JSX.IntrinsicElements' exists.
src/pages/PuzzlePage.tsx(160,13): error TS7026: JSX element implicitly has type 'any' because no interface 'JSX.IntrinsicElements' exists.
src/pages/PuzzlePage.tsx(160,13): error TS17004: Cannot use JSX unless the '--jsx' flag is provided.
src/pages/PuzzlePage.tsx(160,82): error TS7026: JSX element implicitly has type 'any' because no interface 'JSX.IntrinsicElements' exists.
src/pages/PuzzlePage.tsx(161,11): error TS7026: JSX element implicitly has type 'any' because no interface 'JSX.IntrinsicElements' exists.
src/pages/PuzzlePage.tsx(162,11): error TS7026: JSX element implicitly has type 'any' because no interface 'JSX.IntrinsicElements' exists.
src/pages/PuzzlePage.tsx(162,11): error TS17004: Cannot use JSX unless the '--jsx' flag is provided.
src/pages/PuzzlePage.tsx(163,13): error TS7026: JSX element implicitly has type 'any' because no interface 'JSX.IntrinsicElements' exists.
src/pages/PuzzlePage.tsx(163,13): error TS17004: Cannot use JSX unless the '--jsx' flag is provided.
src/pages/PuzzlePage.tsx(163,75): error TS7026: JSX element implicitly has type 'any' because no interface 'JSX.IntrinsicElements' exists.
src/pages/PuzzlePage.tsx(164,13): error TS7026: JSX element implicitly has type 'any' because no interface 'JSX.IntrinsicElements' exists.
src/pages/PuzzlePage.tsx(164,13): error TS17004: Cannot use JSX unless the '--jsx' flag is provided.
src/pages/PuzzlePage.tsx(164,90): error TS7026: JSX element implicitly has type 'any' because no interface 'JSX.IntrinsicElements' exists.
src/pages/PuzzlePage.tsx(165,11): error TS7026: JSX element implicitly has type 'any' because no interface 'JSX.IntrinsicElements' exists.
src/pages/PuzzlePage.tsx(166,11): error TS7026: JSX element implicitly has type 'any' because no interface 'JSX.IntrinsicElements' exists.
src/pages/PuzzlePage.tsx(166,11): error TS17004: Cannot use JSX unless the '--jsx' flag is provided.
src/pages/PuzzlePage.tsx(167,13): error TS7026: JSX element implicitly has type 'any' because no interface 'JSX.IntrinsicElements' exists.
src/pages/PuzzlePage.tsx(167,13): error TS17004: Cannot use JSX unless the '--jsx' flag is provided.
src/pages/PuzzlePage.tsx(167,70): error TS7026: JSX element implicitly has type 'any' because no interface 'JSX.IntrinsicElements' exists.
src/pages/PuzzlePage.tsx(168,13): error TS7026: JSX element implicitly has type 'any' because no interface 'JSX.IntrinsicElements' exists.
src/pages/PuzzlePage.tsx(168,13): error TS17004: Cannot use JSX unless the '--jsx' flag is provided.
src/pages/PuzzlePage.tsx(170,13): error TS7026: JSX element implicitly has type 'any' because no interface 'JSX.IntrinsicElements' exists.
src/pages/PuzzlePage.tsx(171,11): error TS7026: JSX element implicitly has type 'any' because no interface 'JSX.IntrinsicElements' exists.
src/pages/PuzzlePage.tsx(172,9): error TS7026: JSX element implicitly has type 'any' because no interface 'JSX.IntrinsicElements' exists.
src/pages/PuzzlePage.tsx(174,9): error TS17004: Cannot use JSX unless the '--jsx' flag is provided.
src/pages/PuzzlePage.tsx(185,7): error TS7026: JSX element implicitly has type 'any' because no interface 'JSX.IntrinsicElements' exists.
src/pages/PuzzlePage.tsx(187,7): error TS7026: JSX element implicitly has type 'any' because no interface 'JSX.IntrinsicElements' exists.
src/pages/PuzzlePage.tsx(187,7): error TS17004: Cannot use JSX unless the '--jsx' flag is provided.
src/pages/PuzzlePage.tsx(188,9): error TS7026: JSX element implicitly has type 'any' because no interface 'JSX.IntrinsicElements' exists.
src/pages/PuzzlePage.tsx(188,9): error TS17004: Cannot use JSX unless the '--jsx' flag is provided.
src/pages/PuzzlePage.tsx(188,67): error TS7026: JSX element implicitly has type 'any' because no interface 'JSX.IntrinsicElements' exists.
src/pages/PuzzlePage.tsx(190,9): error TS7026: JSX element implicitly has type 'any' because no interface 'JSX.IntrinsicElements' exists.
src/pages/PuzzlePage.tsx(190,9): error TS17004: Cannot use JSX unless the '--jsx' flag is provided.
src/pages/PuzzlePage.tsx(202,36): error TS7026: JSX element implicitly has type 'any' because no interface 'JSX.IntrinsicElements' exists.
src/pages/PuzzlePage.tsx(202,36): error TS17004: Cannot use JSX unless the '--jsx' flag is provided.
src/pages/PuzzlePage.tsx(202,60): error TS7026: JSX element implicitly has type 'any' because no interface 'JSX.IntrinsicElements' exists.
src/pages/PuzzlePage.tsx(204,13): error TS7026: JSX element implicitly has type 'any' because no interface 'JSX.IntrinsicElements' exists.
src/pages/PuzzlePage.tsx(204,13): error TS17004: Cannot use JSX unless the '--jsx' flag is provided.
src/pages/PuzzlePage.tsx(206,13): error TS7026: JSX element implicitly has type 'any' because no interface 'JSX.IntrinsicElements' exists.
src/pages/PuzzlePage.tsx(209,13): error TS7026: JSX element implicitly has type 'any' because no interface 'JSX.IntrinsicElements' exists.
src/pages/PuzzlePage.tsx(209,13): error TS17004: Cannot use JSX unless the '--jsx' flag is provided.
src/pages/PuzzlePage.tsx(210,15): error TS7026: JSX element implicitly has type 'any' because no interface 'JSX.IntrinsicElements' exists.
src/pages/PuzzlePage.tsx(210,15): error TS17004: Cannot use JSX unless the '--jsx' flag is provided.
src/pages/PuzzlePage.tsx(212,15): error TS7026: JSX element implicitly has type 'any' because no interface 'JSX.IntrinsicElements' exists.
src/pages/PuzzlePage.tsx(214,17): error TS7026: JSX element implicitly has type 'any' because no interface 'JSX.IntrinsicElements' exists.
src/pages/PuzzlePage.tsx(214,17): error TS17004: Cannot use JSX unless the '--jsx' flag is provided.
src/pages/PuzzlePage.tsx(215,45): error TS7006: Parameter 't' implicitly has an 'any' type.
src/pages/PuzzlePage.tsx(216,21): error TS7026: JSX element implicitly has type 'any' because no interface 'JSX.IntrinsicElements' exists.
src/pages/PuzzlePage.tsx(216,21): error TS17004: Cannot use JSX unless the '--jsx' flag is provided.
src/pages/PuzzlePage.tsx(221,27): error TS7026: JSX element implicitly has type 'any' because no interface 'JSX.IntrinsicElements' exists.
src/pages/PuzzlePage.tsx(223,17): error TS7026: JSX element implicitly has type 'any' because no interface 'JSX.IntrinsicElements' exists.
src/pages/PuzzlePage.tsx(225,13): error TS7026: JSX element implicitly has type 'any' because no interface 'JSX.IntrinsicElements' exists.
src/pages/PuzzlePage.tsx(228,13): error TS7026: JSX element implicitly has type 'any' because no interface 'JSX.IntrinsicElements' exists.
src/pages/PuzzlePage.tsx(228,13): error TS17004: Cannot use JSX unless the '--jsx' flag is provided.
src/pages/PuzzlePage.tsx(230,13): error TS7026: JSX element implicitly has type 'any' because no interface 'JSX.IntrinsicElements' exists.
src/pages/PuzzlePage.tsx(232,9): error TS7026: JSX element implicitly has type 'any' because no interface 'JSX.IntrinsicElements' exists.
src/pages/PuzzlePage.tsx(234,9): error TS7026: JSX element implicitly has type 'any' because no interface 'JSX.IntrinsicElements' exists.
src/pages/PuzzlePage.tsx(234,9): error TS17004: Cannot use JSX unless the '--jsx' flag is provided.
src/pages/PuzzlePage.tsx(236,13): error TS7026: JSX element implicitly has type 'any' because no interface 'JSX.IntrinsicElements' exists.
src/pages/PuzzlePage.tsx(236,13): error TS17004: Cannot use JSX unless the '--jsx' flag is provided.
src/pages/PuzzlePage.tsx(238,13): error TS7026: JSX element implicitly has type 'any' because no interface 'JSX.IntrinsicElements' exists.
src/pages/PuzzlePage.tsx(242,13): error TS7026: JSX element implicitly has type 'any' because no interface 'JSX.IntrinsicElements' exists.
src/pages/PuzzlePage.tsx(242,13): error TS17004: Cannot use JSX unless the '--jsx' flag is provided.
src/pages/PuzzlePage.tsx(244,13): error TS7026: JSX element implicitly has type 'any' because no interface 'JSX.IntrinsicElements' exists.
src/pages/PuzzlePage.tsx(248,13): error TS7026: JSX element implicitly has type 'any' because no interface 'JSX.IntrinsicElements' exists.
src/pages/PuzzlePage.tsx(248,13): error TS17004: Cannot use JSX unless the '--jsx' flag is provided.
src/pages/PuzzlePage.tsx(250,13): error TS7026: JSX element implicitly has type 'any' because no interface 'JSX.IntrinsicElements' exists.
src/pages/PuzzlePage.tsx(252,9): error TS7026: JSX element implicitly has type 'any' because no interface 'JSX.IntrinsicElements' exists.
src/pages/PuzzlePage.tsx(254,7): error TS7026: JSX element implicitly has type 'any' because no interface 'JSX.IntrinsicElements' exists.
src/pages/PuzzlePage.tsx(255,5): error TS7026: JSX element implicitly has type 'any' because no interface 'JSX.IntrinsicElements' exists.
src/pages/SettingsPage.tsx(1,17): error TS6133: 'useState' is declared but its value is never read.
src/pages/SettingsPage.tsx(1,27): error TS6133: 'useEffect' is declared but its value is never read.
src/pages/SettingsPage.tsx(1,44): error TS7016: Could not find a declaration file for module 'react'. 'E:/Games/node_modules/react/index.js' implicitly has an 'any' type.
  Try `npm i --save-dev @types/react` if it exists or add a new declaration (.d.ts) file containing `declare module 'react';`
src/pages/SettingsPage.tsx(2,29): error TS2307: Cannot find module '../../context/SettingsContext' or its corresponding type declarations.
src/pages/SettingsPage.tsx(3,22): error TS6133: 'PieceSet' is declared but its value is never read.
src/pages/SettingsPage.tsx(3,32): error TS6133: 'AppTheme' is declared but its value is never read.
src/pages/SettingsPage.tsx(3,48): error TS2307: Cannot find module '../../context/SettingsContext' or its corresponding type declarations.
src/pages/SettingsPage.tsx(20,5): error TS7026: JSX element implicitly has type 'any' because no interface 'JSX.IntrinsicElements' exists.
src/pages/SettingsPage.tsx(20,5): error TS17004: Cannot use JSX unless the '--jsx' flag is provided.
src/pages/SettingsPage.tsx(21,7): error TS7026: JSX element implicitly has type 'any' because no interface 'JSX.IntrinsicElements' exists.
src/pages/SettingsPage.tsx(21,7): error TS17004: Cannot use JSX unless the '--jsx' flag is provided.
src/pages/SettingsPage.tsx(21,62): error TS7026: JSX element implicitly has type 'any' because no interface 'JSX.IntrinsicElements' exists.
src/pages/SettingsPage.tsx(23,7): error TS7026: JSX element implicitly has type 'any' because no interface 'JSX.IntrinsicElements' exists.
src/pages/SettingsPage.tsx(23,7): error TS17004: Cannot use JSX unless the '--jsx' flag is provided.
src/pages/SettingsPage.tsx(26,9): error TS7026: JSX element implicitly has type 'any' because no interface 'JSX.IntrinsicElements' exists.
src/pages/SettingsPage.tsx(26,9): error TS17004: Cannot use JSX unless the '--jsx' flag is provided.
src/pages/SettingsPage.tsx(27,11): error TS7026: JSX element implicitly has type 'any' because no interface 'JSX.IntrinsicElements' exists.
src/pages/SettingsPage.tsx(27,11): error TS17004: Cannot use JSX unless the '--jsx' flag is provided.
src/pages/SettingsPage.tsx(27,68): error TS7026: JSX element implicitly has type 'any' because no interface 'JSX.IntrinsicElements' exists.
src/pages/SettingsPage.tsx(29,11): error TS7026: JSX element implicitly has type 'any' because no interface 'JSX.IntrinsicElements' exists.
src/pages/SettingsPage.tsx(29,11): error TS17004: Cannot use JSX unless the '--jsx' flag is provided.
src/pages/SettingsPage.tsx(30,13): error TS7026: JSX element implicitly has type 'any' because no interface 'JSX.IntrinsicElements' exists.
src/pages/SettingsPage.tsx(30,13): error TS17004: Cannot use JSX unless the '--jsx' flag is provided.
src/pages/SettingsPage.tsx(31,15): error TS7026: JSX element implicitly has type 'any' because no interface 'JSX.IntrinsicElements' exists.
src/pages/SettingsPage.tsx(31,15): error TS17004: Cannot use JSX unless the '--jsx' flag is provided.
src/pages/SettingsPage.tsx(31,112): error TS7026: JSX element implicitly has type 'any' because no interface 'JSX.IntrinsicElements' exists.
src/pages/SettingsPage.tsx(32,15): error TS7026: JSX element implicitly has type 'any' because no interface 'JSX.IntrinsicElements' exists.
src/pages/SettingsPage.tsx(32,15): error TS17004: Cannot use JSX unless the '--jsx' flag is provided.
src/pages/SettingsPage.tsx(33,17): error TS7026: JSX element implicitly has type 'any' because no interface 'JSX.IntrinsicElements' exists.
src/pages/SettingsPage.tsx(33,17): error TS17004: Cannot use JSX unless the '--jsx' flag is provided.
src/pages/SettingsPage.tsx(38,17): error TS7026: JSX element implicitly has type 'any' because no interface 'JSX.IntrinsicElements' exists.
src/pages/SettingsPage.tsx(39,17): error TS7026: JSX element implicitly has type 'any' because no interface 'JSX.IntrinsicElements' exists.
src/pages/SettingsPage.tsx(39,17): error TS17004: Cannot use JSX unless the '--jsx' flag is provided.
src/pages/SettingsPage.tsx(44,17): error TS7026: JSX element implicitly has type 'any' because no interface 'JSX.IntrinsicElements' exists.
src/pages/SettingsPage.tsx(45,15): error TS7026: JSX element implicitly has type 'any' because no interface 'JSX.IntrinsicElements' exists.
src/pages/SettingsPage.tsx(46,13): error TS7026: JSX element implicitly has type 'any' because no interface 'JSX.IntrinsicElements' exists.
src/pages/SettingsPage.tsx(48,13): error TS7026: JSX element implicitly has type 'any' because no interface 'JSX.IntrinsicElements' exists.
src/pages/SettingsPage.tsx(48,13): error TS17004: Cannot use JSX unless the '--jsx' flag is provided.
src/pages/SettingsPage.tsx(49,15): error TS7026: JSX element implicitly has type 'any' because no interface 'JSX.IntrinsicElements' exists.
src/pages/SettingsPage.tsx(49,15): error TS17004: Cannot use JSX unless the '--jsx' flag is provided.
src/pages/SettingsPage.tsx(49,114): error TS7026: JSX element implicitly has type 'any' because no interface 'JSX.IntrinsicElements' exists.
src/pages/SettingsPage.tsx(50,15): error TS7026: JSX element implicitly has type 'any' because no interface 'JSX.IntrinsicElements' exists.
src/pages/SettingsPage.tsx(50,15): error TS17004: Cannot use JSX unless the '--jsx' flag is provided.
src/pages/SettingsPage.tsx(52,19): error TS7026: JSX element implicitly has type 'any' because no interface 'JSX.IntrinsicElements' exists.
src/pages/SettingsPage.tsx(52,19): error TS17004: Cannot use JSX unless the '--jsx' flag is provided.
src/pages/SettingsPage.tsx(63,21): error TS7026: JSX element implicitly has type 'any' because no interface 'JSX.IntrinsicElements' exists.
src/pages/SettingsPage.tsx(63,21): error TS17004: Cannot use JSX unless the '--jsx' flag is provided.
src/pages/SettingsPage.tsx(74,23): error TS7026: JSX element implicitly has type 'any' because no interface 'JSX.IntrinsicElements' exists.
src/pages/SettingsPage.tsx(74,23): error TS17004: Cannot use JSX unless the '--jsx' flag is provided.
src/pages/SettingsPage.tsx(75,23): error TS7026: JSX element implicitly has type 'any' because no interface 'JSX.IntrinsicElements' exists.
src/pages/SettingsPage.tsx(75,23): error TS17004: Cannot use JSX unless the '--jsx' flag is provided.
src/pages/SettingsPage.tsx(76,23): error TS7026: JSX element implicitly has type 'any' because no interface 'JSX.IntrinsicElements' exists.
src/pages/SettingsPage.tsx(76,23): error TS17004: Cannot use JSX unless the '--jsx' flag is provided.
src/pages/SettingsPage.tsx(77,23): error TS7026: JSX element implicitly has type 'any' because no interface 'JSX.IntrinsicElements' exists.
src/pages/SettingsPage.tsx(77,23): error TS17004: Cannot use JSX unless the '--jsx' flag is provided.
src/pages/SettingsPage.tsx(78,21): error TS7026: JSX element implicitly has type 'any' because no interface 'JSX.IntrinsicElements' exists.
src/pages/SettingsPage.tsx(79,21): error TS7026: JSX element implicitly has type 'any' because no interface 'JSX.IntrinsicElements' exists.
src/pages/SettingsPage.tsx(79,21): error TS17004: Cannot use JSX unless the '--jsx' flag is provided.
src/pages/SettingsPage.tsx(81,21): error TS7026: JSX element implicitly has type 'any' because no interface 'JSX.IntrinsicElements' exists.
src/pages/SettingsPage.tsx(82,19): error TS7026: JSX element implicitly has type 'any' because no interface 'JSX.IntrinsicElements' exists.
src/pages/SettingsPage.tsx(84,15): error TS7026: JSX element implicitly has type 'any' because no interface 'JSX.IntrinsicElements' exists.
src/pages/SettingsPage.tsx(85,13): error TS7026: JSX element implicitly has type 'any' because no interface 'JSX.IntrinsicElements' exists.
src/pages/SettingsPage.tsx(86,11): error TS7026: JSX element implicitly has type 'any' because no interface 'JSX.IntrinsicElements' exists.
src/pages/SettingsPage.tsx(87,9): error TS7026: JSX element implicitly has type 'any' because no interface 'JSX.IntrinsicElements' exists.
src/pages/SettingsPage.tsx(90,9): error TS7026: JSX element implicitly has type 'any' because no interface 'JSX.IntrinsicElements' exists.
src/pages/SettingsPage.tsx(90,9): error TS17004: Cannot use JSX unless the '--jsx' flag is provided.
src/pages/SettingsPage.tsx(91,11): error TS7026: JSX element implicitly has type 'any' because no interface 'JSX.IntrinsicElements' exists.
src/pages/SettingsPage.tsx(91,11): error TS17004: Cannot use JSX unless the '--jsx' flag is provided.
src/pages/SettingsPage.tsx(91,63): error TS7026: JSX element implicitly has type 'any' because no interface 'JSX.IntrinsicElements' exists.
src/pages/SettingsPage.tsx(93,11): error TS7026: JSX element implicitly has type 'any' because no interface 'JSX.IntrinsicElements' exists.
src/pages/SettingsPage.tsx(93,11): error TS17004: Cannot use JSX unless the '--jsx' flag is provided.
src/pages/SettingsPage.tsx(94,13): error TS7026: JSX element implicitly has type 'any' because no interface 'JSX.IntrinsicElements' exists.
src/pages/SettingsPage.tsx(94,13): error TS17004: Cannot use JSX unless the '--jsx' flag is provided.
src/pages/SettingsPage.tsx(95,15): error TS7026: JSX element implicitly has type 'any' because no interface 'JSX.IntrinsicElements' exists.
src/pages/SettingsPage.tsx(95,15): error TS17004: Cannot use JSX unless the '--jsx' flag is provided.
src/pages/SettingsPage.tsx(96,17): error TS7026: JSX element implicitly has type 'any' because no interface 'JSX.IntrinsicElements' exists.
src/pages/SettingsPage.tsx(96,17): error TS17004: Cannot use JSX unless the '--jsx' flag is provided.
src/pages/SettingsPage.tsx(96,66): error TS7026: JSX element implicitly has type 'any' because no interface 'JSX.IntrinsicElements' exists.
src/pages/SettingsPage.tsx(97,17): error TS7026: JSX element implicitly has type 'any' because no interface 'JSX.IntrinsicElements' exists.
src/pages/SettingsPage.tsx(97,17): error TS17004: Cannot use JSX unless the '--jsx' flag is provided.
src/pages/SettingsPage.tsx(97,134): error TS7026: JSX element implicitly has type 'any' because no interface 'JSX.IntrinsicElements' exists.
src/pages/SettingsPage.tsx(98,15): error TS7026: JSX element implicitly has type 'any' because no interface 'JSX.IntrinsicElements' exists.
src/pages/SettingsPage.tsx(99,15): error TS7026: JSX element implicitly has type 'any' because no interface 'JSX.IntrinsicElements' exists.
src/pages/SettingsPage.tsx(99,15): error TS17004: Cannot use JSX unless the '--jsx' flag is provided.
src/pages/SettingsPage.tsx(100,17): error TS7026: JSX element implicitly has type 'any' because no interface 'JSX.IntrinsicElements' exists.
src/pages/SettingsPage.tsx(100,17): error TS17004: Cannot use JSX unless the '--jsx' flag is provided.
src/pages/SettingsPage.tsx(103,30): error TS7006: Parameter 'e' implicitly has an 'any' type.
src/pages/SettingsPage.tsx(106,17): error TS7026: JSX element implicitly has type 'any' because no interface 'JSX.IntrinsicElements' exists.
src/pages/SettingsPage.tsx(106,17): error TS17004: Cannot use JSX unless the '--jsx' flag is provided.
src/pages/SettingsPage.tsx(114,19): error TS7026: JSX element implicitly has type 'any' because no interface 'JSX.IntrinsicElements' exists.
src/pages/SettingsPage.tsx(114,19): error TS17004: Cannot use JSX unless the '--jsx' flag is provided.
src/pages/SettingsPage.tsx(125,17): error TS7026: JSX element implicitly has type 'any' because no interface 'JSX.IntrinsicElements' exists.
src/pages/SettingsPage.tsx(126,15): error TS7026: JSX element implicitly has type 'any' because no interface 'JSX.IntrinsicElements' exists.
src/pages/SettingsPage.tsx(127,13): error TS7026: JSX element implicitly has type 'any' because no interface 'JSX.IntrinsicElements' exists.
src/pages/SettingsPage.tsx(130,15): error TS7026: JSX element implicitly has type 'any' because no interface 'JSX.IntrinsicElements' exists.
src/pages/SettingsPage.tsx(130,15): error TS17004: Cannot use JSX unless the '--jsx' flag is provided.
src/pages/SettingsPage.tsx(131,17): error TS7026: JSX element implicitly has type 'any' because no interface 'JSX.IntrinsicElements' exists.
src/pages/SettingsPage.tsx(131,17): error TS17004: Cannot use JSX unless the '--jsx' flag is provided.
src/pages/SettingsPage.tsx(131,111): error TS7026: JSX element implicitly has type 'any' because no interface 'JSX.IntrinsicElements' exists.
src/pages/SettingsPage.tsx(132,17): error TS7026: JSX element implicitly has type 'any' because no interface 'JSX.IntrinsicElements' exists.
src/pages/SettingsPage.tsx(132,17): error TS17004: Cannot use JSX unless the '--jsx' flag is provided.
src/pages/SettingsPage.tsx(138,30): error TS7006: Parameter 'e' implicitly has an 'any' type.
src/pages/SettingsPage.tsx(141,15): error TS7026: JSX element implicitly has type 'any' because no interface 'JSX.IntrinsicElements' exists.
src/pages/SettingsPage.tsx(143,11): error TS7026: JSX element implicitly has type 'any' because no interface 'JSX.IntrinsicElements' exists.
src/pages/SettingsPage.tsx(144,9): error TS7026: JSX element implicitly has type 'any' because no interface 'JSX.IntrinsicElements' exists.
src/pages/SettingsPage.tsx(147,9): error TS7026: JSX element implicitly has type 'any' because no interface 'JSX.IntrinsicElements' exists.
src/pages/SettingsPage.tsx(147,9): error TS17004: Cannot use JSX unless the '--jsx' flag is provided.
src/pages/SettingsPage.tsx(148,11): error TS7026: JSX element implicitly has type 'any' because no interface 'JSX.IntrinsicElements' exists.
src/pages/SettingsPage.tsx(148,11): error TS17004: Cannot use JSX unless the '--jsx' flag is provided.
src/pages/SettingsPage.tsx(148,72): error TS7026: JSX element implicitly has type 'any' because no interface 'JSX.IntrinsicElements' exists.
src/pages/SettingsPage.tsx(150,11): error TS7026: JSX element implicitly has type 'any' because no interface 'JSX.IntrinsicElements' exists.
src/pages/SettingsPage.tsx(150,11): error TS17004: Cannot use JSX unless the '--jsx' flag is provided.
src/pages/SettingsPage.tsx(152,13): error TS7026: JSX element implicitly has type 'any' because no interface 'JSX.IntrinsicElements' exists.
src/pages/SettingsPage.tsx(152,13): error TS17004: Cannot use JSX unless the '--jsx' flag is provided.
src/pages/SettingsPage.tsx(153,15): error TS7026: JSX element implicitly has type 'any' because no interface 'JSX.IntrinsicElements' exists.
src/pages/SettingsPage.tsx(153,15): error TS17004: Cannot use JSX unless the '--jsx' flag is provided.
src/pages/SettingsPage.tsx(154,17): error TS7026: JSX element implicitly has type 'any' because no interface 'JSX.IntrinsicElements' exists.
src/pages/SettingsPage.tsx(154,17): error TS17004: Cannot use JSX unless the '--jsx' flag is provided.
src/pages/SettingsPage.tsx(154,69): error TS7026: JSX element implicitly has type 'any' because no interface 'JSX.IntrinsicElements' exists.
src/pages/SettingsPage.tsx(155,17): error TS7026: JSX element implicitly has type 'any' because no interface 'JSX.IntrinsicElements' exists.
src/pages/SettingsPage.tsx(155,17): error TS17004: Cannot use JSX unless the '--jsx' flag is provided.
src/pages/SettingsPage.tsx(155,140): error TS7026: JSX element implicitly has type 'any' because no interface 'JSX.IntrinsicElements' exists.
src/pages/SettingsPage.tsx(156,15): error TS7026: JSX element implicitly has type 'any' because no interface 'JSX.IntrinsicElements' exists.
src/pages/SettingsPage.tsx(157,15): error TS7026: JSX element implicitly has type 'any' because no interface 'JSX.IntrinsicElements' exists.
src/pages/SettingsPage.tsx(157,15): error TS17004: Cannot use JSX unless the '--jsx' flag is provided.
src/pages/SettingsPage.tsx(160,28): error TS7006: Parameter 'e' implicitly has an 'any' type.
src/pages/SettingsPage.tsx(162,13): error TS7026: JSX element implicitly has type 'any' because no interface 'JSX.IntrinsicElements' exists.
src/pages/SettingsPage.tsx(164,13): error TS7026: JSX element implicitly has type 'any' because no interface 'JSX.IntrinsicElements' exists.
src/pages/SettingsPage.tsx(164,13): error TS17004: Cannot use JSX unless the '--jsx' flag is provided.
src/pages/SettingsPage.tsx(165,15): error TS7026: JSX element implicitly has type 'any' because no interface 'JSX.IntrinsicElements' exists.
src/pages/SettingsPage.tsx(165,15): error TS17004: Cannot use JSX unless the '--jsx' flag is provided.
src/pages/SettingsPage.tsx(166,17): error TS7026: JSX element implicitly has type 'any' because no interface 'JSX.IntrinsicElements' exists.
src/pages/SettingsPage.tsx(166,17): error TS17004: Cannot use JSX unless the '--jsx' flag is provided.
src/pages/SettingsPage.tsx(166,69): error TS7026: JSX element implicitly has type 'any' because no interface 'JSX.IntrinsicElements' exists.
src/pages/SettingsPage.tsx(167,17): error TS7026: JSX element implicitly has type 'any' because no interface 'JSX.IntrinsicElements' exists.
src/pages/SettingsPage.tsx(167,17): error TS17004: Cannot use JSX unless the '--jsx' flag is provided.
src/pages/SettingsPage.tsx(167,131): error TS7026: JSX element implicitly has type 'any' because no interface 'JSX.IntrinsicElements' exists.
src/pages/SettingsPage.tsx(168,15): error TS7026: JSX element implicitly has type 'any' because no interface 'JSX.IntrinsicElements' exists.
src/pages/SettingsPage.tsx(169,15): error TS7026: JSX element implicitly has type 'any' because no interface 'JSX.IntrinsicElements' exists.
src/pages/SettingsPage.tsx(169,15): error TS17004: Cannot use JSX unless the '--jsx' flag is provided.
src/pages/SettingsPage.tsx(172,28): error TS7006: Parameter 'e' implicitly has an 'any' type.
src/pages/SettingsPage.tsx(174,13): error TS7026: JSX element implicitly has type 'any' because no interface 'JSX.IntrinsicElements' exists.
src/pages/SettingsPage.tsx(176,13): error TS7026: JSX element implicitly has type 'any' because no interface 'JSX.IntrinsicElements' exists.
src/pages/SettingsPage.tsx(176,13): error TS17004: Cannot use JSX unless the '--jsx' flag is provided.
src/pages/SettingsPage.tsx(177,15): error TS7026: JSX element implicitly has type 'any' because no interface 'JSX.IntrinsicElements' exists.
src/pages/SettingsPage.tsx(177,15): error TS17004: Cannot use JSX unless the '--jsx' flag is provided.
src/pages/SettingsPage.tsx(178,17): error TS7026: JSX element implicitly has type 'any' because no interface 'JSX.IntrinsicElements' exists.
src/pages/SettingsPage.tsx(178,17): error TS17004: Cannot use JSX unless the '--jsx' flag is provided.
src/pages/SettingsPage.tsx(178,72): error TS7026: JSX element implicitly has type 'any' because no interface 'JSX.IntrinsicElements' exists.
src/pages/SettingsPage.tsx(179,17): error TS7026: JSX element implicitly has type 'any' because no interface 'JSX.IntrinsicElements' exists.
src/pages/SettingsPage.tsx(179,17): error TS17004: Cannot use JSX unless the '--jsx' flag is provided.
src/pages/SettingsPage.tsx(179,134): error TS7026: JSX element implicitly has type 'any' because no interface 'JSX.IntrinsicElements' exists.
src/pages/SettingsPage.tsx(180,15): error TS7026: JSX element implicitly has type 'any' because no interface 'JSX.IntrinsicElements' exists.
src/pages/SettingsPage.tsx(181,15): error TS7026: JSX element implicitly has type 'any' because no interface 'JSX.IntrinsicElements' exists.
src/pages/SettingsPage.tsx(181,15): error TS17004: Cannot use JSX unless the '--jsx' flag is provided.
src/pages/SettingsPage.tsx(184,28): error TS7006: Parameter 'e' implicitly has an 'any' type.
src/pages/SettingsPage.tsx(186,13): error TS7026: JSX element implicitly has type 'any' because no interface 'JSX.IntrinsicElements' exists.
src/pages/SettingsPage.tsx(188,13): error TS7026: JSX element implicitly has type 'any' because no interface 'JSX.IntrinsicElements' exists.
src/pages/SettingsPage.tsx(188,13): error TS17004: Cannot use JSX unless the '--jsx' flag is provided.
src/pages/SettingsPage.tsx(189,15): error TS7026: JSX element implicitly has type 'any' because no interface 'JSX.IntrinsicElements' exists.
src/pages/SettingsPage.tsx(189,15): error TS17004: Cannot use JSX unless the '--jsx' flag is provided.
src/pages/SettingsPage.tsx(190,17): error TS7026: JSX element implicitly has type 'any' because no interface 'JSX.IntrinsicElements' exists.
src/pages/SettingsPage.tsx(190,17): error TS17004: Cannot use JSX unless the '--jsx' flag is provided.
src/pages/SettingsPage.tsx(190,63): error TS7026: JSX element implicitly has type 'any' because no interface 'JSX.IntrinsicElements' exists.
src/pages/SettingsPage.tsx(191,17): error TS7026: JSX element implicitly has type 'any' because no interface 'JSX.IntrinsicElements' exists.
src/pages/SettingsPage.tsx(191,17): error TS17004: Cannot use JSX unless the '--jsx' flag is provided.
src/pages/SettingsPage.tsx(191,128): error TS7026: JSX element implicitly has type 'any' because no interface 'JSX.IntrinsicElements' exists.
src/pages/SettingsPage.tsx(192,15): error TS7026: JSX element implicitly has type 'any' because no interface 'JSX.IntrinsicElements' exists.
src/pages/SettingsPage.tsx(193,15): error TS7026: JSX element implicitly has type 'any' because no interface 'JSX.IntrinsicElements' exists.
src/pages/SettingsPage.tsx(193,15): error TS17004: Cannot use JSX unless the '--jsx' flag is provided.
src/pages/SettingsPage.tsx(196,28): error TS7006: Parameter 'e' implicitly has an 'any' type.
src/pages/SettingsPage.tsx(198,13): error TS7026: JSX element implicitly has type 'any' because no interface 'JSX.IntrinsicElements' exists.
src/pages/SettingsPage.tsx(200,11): error TS7026: JSX element implicitly has type 'any' because no interface 'JSX.IntrinsicElements' exists.
src/pages/SettingsPage.tsx(201,9): error TS7026: JSX element implicitly has type 'any' because no interface 'JSX.IntrinsicElements' exists.
src/pages/SettingsPage.tsx(203,9): error TS7026: JSX element implicitly has type 'any' because no interface 'JSX.IntrinsicElements' exists.
src/pages/SettingsPage.tsx(203,9): error TS17004: Cannot use JSX unless the '--jsx' flag is provided.
src/pages/SettingsPage.tsx(209,9): error TS7026: JSX element implicitly has type 'any' because no interface 'JSX.IntrinsicElements' exists.
src/pages/SettingsPage.tsx(211,7): error TS7026: JSX element implicitly has type 'any' because no interface 'JSX.IntrinsicElements' exists.
src/pages/SettingsPage.tsx(212,5): error TS7026: JSX element implicitly has type 'any' because no interface 'JSX.IntrinsicElements' exists.
